[09-08|20:50:16.945] INFO host subprocess/runtime.go:143 plugin handshake succeeded {"addr": "127.0.0.1:40511"}
[09-08|20:50:16.945] INFO host pebbledb/db.go:90 opening pebble {"config": {"cacheSize":536870912,"bytesPerSync":524288,"walBytesPerSync":0,"memTableStopWritesThreshold":8,"memTableSize":134217728,"maxOpenFiles":4096,"maxConcurrentCompactions":1,"sync":true}}
[09-08|20:50:16.947] INFO host rpcchainvm/vm_client.go:166 grpc: serving database {"address": "127.0.0.1:36675"}
[09-08|20:50:16.947] INFO host rpcchainvm/vm_client.go:183 grpc: serving vm services {"address": "127.0.0.1:46785"}
[09-08|20:50:16.949] INFO <2tmrrBo1Lgt1mzzvPSFt73kkQKFas5d1AP88tv9cicwoFp8BSn Chain> /tmp/epochdb-subnet-source-finalise/mod/github.com/ava-labs/avalanchego/graft/subnet-evm@v1.14.3-0.20260804141953-6dc4c3b395b6/plugin/evm/vm.go:309 Initializing Subnet EVM VM               Version=v1.14.2 "libevm version"=1.13.14-0.4.0.beta Config="{AirdropFile: MinDelayTarget:<nil> ValidatorsAPIEnabled:true AdminAPIEnabled:false AdminAPIDir: WarpAPIEnabled:false EnabledEthAPIs:[eth eth-filter net web3 internal-eth internal-blockchain internal-transaction] ContinuousProfilerDir: ContinuousProfilerFrequency:15m0s ContinuousProfilerMaxFiles:5 RPCGasCap:50000000 RPCTxFeeCap:100 TrieCleanCache:512 TrieDirtyCache:512 TrieDirtyCommitTarget:20 TriePrefetcherParallelism:16 SnapshotCache:0 Preimages:false SnapshotWait:false SnapshotVerify:false Pruning:true AcceptorQueueLimit:64 CommitInterval:31 AllowMissingTries:false PopulateMissingTries:<nil> PopulateMissingTriesParallelism:1024 PruneWarpDB:false HistoricalProofQueryWindow:43200 MetricsExpensiveEnabled:true LocalTxsEnabled:false TxPoolPriceLimit:1 TxPoolPriceBump:10 TxPoolAccountSlots:16 TxPoolGlobalSlots:5120 TxPoolAccountQueue:64 TxPoolGlobalQueue:1024 TxPoolLifetime:10m0s APIMaxDuration:0s WSCPURefillRate:0s WSCPUMaxStored:0s MaxBlocksPerRequest:0 AllowUnfinalizedQueries:false AllowUnprotectedTxs:false AllowUnprotectedTxHashes:[0xfefb2da535e927b85fe68eb81cb2e4a5827c905f78381a01ef2322aa9b0aee8e] KeystoreDirectory: KeystoreExternalSigner: KeystoreInsecureUnlockAllowed:false PushGossipPercentStake:0.9 PushGossipNumValidators:100 PushGossipNumPeers:0 PushRegossipNumValidators:10 PushRegossipNumPeers:0 PushGossipFrequency:100ms PullGossipFrequency:1s RegossipFrequency:30s PriorityRegossipAddresses:[] LogLevel:info LogJSONFormat:false FeeRecipient: OfflinePruning:false OfflinePruningBloomFilterSize:512 OfflinePruningDataDirectory: MaxOutboundActiveRequests:16 StateSyncEnabled:false StateSyncSkipResume:false StateSyncServerTrieCache:64 StateSyncIDs: StateSyncCommitInterval:16384 StateSyncMinBlocks:300000 StateSyncRequestSize:1024 InspectDatabase:false SkipUpgradeCheck:false AcceptedCacheSize:32 TransactionHistory:0 StateHistory:32 SkipTxIndexing:false WarpOffChainMessages:[] HTTPBodyLimit:0 BatchRequestLimit:1000 BatchResponseMaxSize:25000000 UseStandaloneDatabase:true DatabaseConfigContent:eyJzeW5jIjp0cnVlfQ== DatabaseConfigFile: DatabaseType:pebbledb DatabasePath: DatabaseReadOnly:false StateScheme:firewood}"
[09-08|20:50:16.949] INFO <2tmrrBo1Lgt1mzzvPSFt73kkQKFas5d1AP88tv9cicwoFp8BSn Chain> /tmp/epochdb-subnet-source-finalise/mod/github.com/ava-labs/avalanchego/graft/subnet-evm@v1.14.3-0.20260804141953-6dc4c3b395b6/plugin/evm/vm_database.go:72 Using standalone database for the chain state DatabaseConfig="{ReadOnly:false Path:/data/bench/epochdb/chainData/db Name:pebbledb Config:[123 34 115 121 110 99 34 58 116 114 117 101 125]}"
[09-08|20:50:16.949] [0;0mINFO[0;0m <2tmrrBo1Lgt1mzzvPSFt73kkQKFas5d1AP88tv9cicwoFp8BSn Chain> pebbledb/db.go:90 opening pebble {"config": {"cacheSize":536870912,"bytesPerSync":524288,"walBytesPerSync":0,"memTableStopWritesThreshold":8,"memTableSize":134217728,"maxOpenFiles":4096,"maxConcurrentCompactions":1,"sync":true}}
[09-08|20:50:16.951] INFO <2tmrrBo1Lgt1mzzvPSFt73kkQKFas5d1AP88tv9cicwoFp8BSn Chain> /tmp/epochdb-subnet-source-finalise/mod/github.com/ava-labs/avalanchego/graft/subnet-evm@v1.14.3-0.20260804141953-6dc4c3b395b6/core/state_processor_ext.go:56 Activating new precompile                name=contractDeployerAllowListConfig config="{\"adminAddresses\":[\"0x277280e8337e64a3a8e8b795d4e8e5e00bf6e203\",\"0x5e6892eb367d35344fab7321b974ea3e5317eac4\",\"0x070a6fb7db4e0e3ebb41a6d09383119fec5f7ceb\",\"0x172fffc69ed471b7ff2465ae97504985f7071593\",\"0x1cd22e79976cb97fb65ccbada316ebd46881fa12\",\"0xbca66eaf37b4c08b49d41e682e701e153f17e1d6\"],\"enabledAddresses\":[\"0xc5d3bac272a464d1bbc0d28934aa36d1c66c13fe\",\"0x20b1e4c488ee32f1d91868a6d763736f58efc7bf\",\"0x9f403140bc0574d7d36ea472b82daa1bbd4ef327\",\"0x9180c04ce75b762f9973c7aeb5a86c1642477738\"],\"blockTimestamp\":0}"
[09-08|20:50:16.951] INFO <2tmrrBo1Lgt1mzzvPSFt73kkQKFas5d1AP88tv9cicwoFp8BSn Chain> /tmp/epochdb-subnet-source-finalise/mod/github.com/ava-labs/avalanchego/graft/subnet-evm@v1.14.3-0.20260804141953-6dc4c3b395b6/core/state_processor_ext.go:56 Activating new precompile                name=feeManagerConfig                config="{\"adminAddresses\":[\"0x277280e8337e64a3a8e8b795d4e8e5e00bf6e203\",\"0x5e6892eb367d35344fab7321b974ea3e5317eac4\",\"0x070a6fb7db4e0e3ebb41a6d09383119fec5f7ceb\",\"0x172fffc69ed471b7ff2465ae97504985f7071593\",\"0x1cd22e79976cb97fb65ccbada316ebd46881fa12\",\"0xc5d3bac272a464d1bbc0d28934aa36d1c66c13fe\",\"0xbca66eaf37b4c08b49d41e682e701e153f17e1d6\"],\"blockTimestamp\":0}"
[09-08|20:50:16.951] INFO <2tmrrBo1Lgt1mzzvPSFt73kkQKFas5d1AP88tv9cicwoFp8BSn Chain> /tmp/epochdb-subnet-source-finalise/mod/github.com/ava-labs/avalanchego/graft/subnet-evm@v1.14.3-0.20260804141953-6dc4c3b395b6/core/state_processor_ext.go:56 Activating new precompile                name=rewardManagerConfig             config="{\"adminAddresses\":[\"0x277280e8337e64a3a8e8b795d4e8e5e00bf6e203\",\"0x5e6892eb367d35344fab7321b974ea3e5317eac4\",\"0x070a6fb7db4e0e3ebb41a6d09383119fec5f7ceb\",\"0x172fffc69ed471b7ff2465ae97504985f7071593\",\"0x1cd22e79976cb97fb65ccbada316ebd46881fa12\",\"0xc5d3bac272a464d1bbc0d28934aa36d1c66c13fe\",\"0xbca66eaf37b4c08b49d41e682e701e153f17e1d6\"],\"blockTimestamp\":0,\"initialRewardConfig\":{\"allowFeeRecipients\":true,\"rewardAddress\":\"0x0000000000000000000000000000000000000000\"}}"
[09-08|20:50:16.952] INFO <2tmrrBo1Lgt1mzzvPSFt73kkQKFas5d1AP88tv9cicwoFp8BSn Chain> /tmp/epochdb-subnet-source-finalise/mod/github.com/containerman17/libevm@v1.13.15-0.20260817022927-4c8a6553b55f/triedb/hashdb/database.go:448 Persisted trie from memory database      nodes=53 size=6.10KiB time="47.313µs" gcnodes=0 gcsize=0.00B gctime=0s livenodes=0 livesize=0.00B
[09-08|20:50:16.952] INFO <2tmrrBo1Lgt1mzzvPSFt73kkQKFas5d1AP88tv9cicwoFp8BSn Chain> /tmp/epochdb-subnet-source-finalise/mod/github.com/ava-labs/avalanchego/graft/subnet-evm@v1.14.3-0.20260804141953-6dc4c3b395b6/plugin/evm/vm.go:356 read last accepted                       hash=bbf116..e65f3d height=0
[09-08|20:50:16.952] WARN <2tmrrBo1Lgt1mzzvPSFt73kkQKFas5d1AP88tv9cicwoFp8BSn Chain> /tmp/epochdb-subnet-source-finalise/mod/github.com/ava-labs/avalanchego/graft/subnet-evm@v1.14.3-0.20260804141953-6dc4c3b395b6/plugin/evm/vm.go:410 Firewood state scheme is enabled
[09-08|20:50:16.952] WARN <2tmrrBo1Lgt1mzzvPSFt73kkQKFas5d1AP88tv9cicwoFp8BSn Chain> /tmp/epochdb-subnet-source-finalise/mod/github.com/ava-labs/avalanchego/graft/subnet-evm@v1.14.3-0.20260804141953-6dc4c3b395b6/plugin/evm/vm.go:411 This is untested in production, use at your own risk
[09-08|20:50:16.952] INFO <2tmrrBo1Lgt1mzzvPSFt73kkQKFas5d1AP88tv9cicwoFp8BSn Chain> /tmp/epochdb-subnet-source-finalise/mod/github.com/ava-labs/avalanchego/graft/subnet-evm@v1.14.3-0.20260804141953-6dc4c3b395b6/plugin/evm/vm.go:442 Config has not specified any coinbase address. Defaulting to the blackhole address.
[09-08|20:50:16.952] INFO <2tmrrBo1Lgt1mzzvPSFt73kkQKFas5d1AP88tv9cicwoFp8BSn Chain> /tmp/epochdb-subnet-source-finalise/mod/github.com/ava-labs/avalanchego/graft/subnet-evm@v1.14.3-0.20260804141953-6dc4c3b395b6/eth/backend.go:150 Allocated memory caches                  "trie clean"=512.00MiB "trie dirty"=512.00MiB "snapshot clean"=0.00B
[09-08|20:50:16.952] INFO <2tmrrBo1Lgt1mzzvPSFt73kkQKFas5d1AP88tv9cicwoFp8BSn Chain> /tmp/epochdb-subnet-source-finalise/mod/github.com/ava-labs/avalanchego/graft/subnet-evm@v1.14.3-0.20260804141953-6dc4c3b395b6/eth/backend.go:198 Initialising Ethereum protocol           network=4337 dbversion=<nil>
[09-08|20:50:16.952] WARN <2tmrrBo1Lgt1mzzvPSFt73kkQKFas5d1AP88tv9cicwoFp8BSn Chain> /tmp/epochdb-subnet-source-finalise/mod/github.com/ava-labs/avalanchego/graft/subnet-evm@v1.14.3-0.20260804141953-6dc4c3b395b6/eth/backend.go:204 Upgrade blockchain database version      from=<nil> to=8
[09-08|20:50:16.954] INFO <2tmrrBo1Lgt1mzzvPSFt73kkQKFas5d1AP88tv9cicwoFp8BSn Chain> /tmp/epochdb-subnet-source-finalise/mod/github.com/ava-labs/avalanchego/graft/subnet-evm@v1.14.3-0.20260804141953-6dc4c3b395b6/core/genesis.go:155 Writing genesis to database
[09-08|20:50:16.954] INFO <2tmrrBo1Lgt1mzzvPSFt73kkQKFas5d1AP88tv9cicwoFp8BSn Chain> /tmp/epochdb-subnet-source-finalise/mod/github.com/ava-labs/avalanchego/graft/subnet-evm@v1.14.3-0.20260804141953-6dc4c3b395b6/core/state_processor_ext.go:56 Activating new precompile                name=contractDeployerAllowListConfig config="{\"adminAddresses\":[\"0x277280e8337e64a3a8e8b795d4e8e5e00bf6e203\",\"0x5e6892eb367d35344fab7321b974ea3e5317eac4\",\"0x070a6fb7db4e0e3ebb41a6d09383119fec5f7ceb\",\"0x172fffc69ed471b7ff2465ae97504985f7071593\",\"0x1cd22e79976cb97fb65ccbada316ebd46881fa12\",\"0xbca66eaf37b4c08b49d41e682e701e153f17e1d6\"],\"enabledAddresses\":[\"0xc5d3bac272a464d1bbc0d28934aa36d1c66c13fe\",\"0x20b1e4c488ee32f1d91868a6d763736f58efc7bf\",\"0x9f403140bc0574d7d36ea472b82daa1bbd4ef327\",\"0x9180c04ce75b762f9973c7aeb5a86c1642477738\"],\"blockTimestamp\":0}"
[09-08|20:50:16.954] INFO <2tmrrBo1Lgt1mzzvPSFt73kkQKFas5d1AP88tv9cicwoFp8BSn Chain> /tmp/epochdb-subnet-source-finalise/mod/github.com/ava-labs/avalanchego/graft/subnet-evm@v1.14.3-0.20260804141953-6dc4c3b395b6/core/state_processor_ext.go:56 Activating new precompile                name=feeManagerConfig                config="{\"adminAddresses\":[\"0x277280e8337e64a3a8e8b795d4e8e5e00bf6e203\",\"0x5e6892eb367d35344fab7321b974ea3e5317eac4\",\"0x070a6fb7db4e0e3ebb41a6d09383119fec5f7ceb\",\"0x172fffc69ed471b7ff2465ae97504985f7071593\",\"0x1cd22e79976cb97fb65ccbada316ebd46881fa12\",\"0xc5d3bac272a464d1bbc0d28934aa36d1c66c13fe\",\"0xbca66eaf37b4c08b49d41e682e701e153f17e1d6\"],\"blockTimestamp\":0}"
[09-08|20:50:16.954] INFO <2tmrrBo1Lgt1mzzvPSFt73kkQKFas5d1AP88tv9cicwoFp8BSn Chain> /tmp/epochdb-subnet-source-finalise/mod/github.com/ava-labs/avalanchego/graft/subnet-evm@v1.14.3-0.20260804141953-6dc4c3b395b6/core/state_processor_ext.go:56 Activating new precompile                name=rewardManagerConfig             config="{\"adminAddresses\":[\"0x277280e8337e64a3a8e8b795d4e8e5e00bf6e203\",\"0x5e6892eb367d35344fab7321b974ea3e5317eac4\",\"0x070a6fb7db4e0e3ebb41a6d09383119fec5f7ceb\",\"0x172fffc69ed471b7ff2465ae97504985f7071593\",\"0x1cd22e79976cb97fb65ccbada316ebd46881fa12\",\"0xc5d3bac272a464d1bbc0d28934aa36d1c66c13fe\",\"0xbca66eaf37b4c08b49d41e682e701e153f17e1d6\"],\"blockTimestamp\":0,\"initialRewardConfig\":{\"allowFeeRecipients\":true,\"rewardAddress\":\"0x0000000000000000000000000000000000000000\"}}"
[09-08|20:50:16.955] INFO <2tmrrBo1Lgt1mzzvPSFt73kkQKFas5d1AP88tv9cicwoFp8BSn Chain> /tmp/epochdb-subnet-source-finalise/mod/github.com/ava-labs/avalanchego/graft/subnet-evm@v1.14.3-0.20260804141953-6dc4c3b395b6/core/blockchain.go:430 
[09-08|20:50:16.955] INFO <2tmrrBo1Lgt1mzzvPSFt73kkQKFas5d1AP88tv9cicwoFp8BSn Chain> /tmp/epochdb-subnet-source-finalise/mod/github.com/ava-labs/avalanchego/graft/subnet-evm@v1.14.3-0.20260804141953-6dc4c3b395b6/core/blockchain.go:431 ---------------------------------------------------------------------------------------------------------------------------------------------------------
[09-08|20:50:16.955] INFO <2tmrrBo1Lgt1mzzvPSFt73kkQKFas5d1AP88tv9cicwoFp8BSn Chain> /tmp/epochdb-subnet-source-finalise/mod/github.com/ava-labs/avalanchego/graft/subnet-evm@v1.14.3-0.20260804141953-6dc4c3b395b6/core/blockchain.go:433 Chain ID:  4337 (unknown)
[09-08|20:50:16.955] INFO <2tmrrBo1Lgt1mzzvPSFt73kkQKFas5d1AP88tv9cicwoFp8BSn Chain> /tmp/epochdb-subnet-source-finalise/mod/github.com/ava-labs/avalanchego/graft/subnet-evm@v1.14.3-0.20260804141953-6dc4c3b395b6/core/blockchain.go:433 Consensus: unknown
[09-08|20:50:16.955] INFO <2tmrrBo1Lgt1mzzvPSFt73kkQKFas5d1AP88tv9cicwoFp8BSn Chain> /tmp/epochdb-subnet-source-finalise/mod/github.com/ava-labs/avalanchego/graft/subnet-evm@v1.14.3-0.20260804141953-6dc4c3b395b6/core/blockchain.go:433 
[09-08|20:50:16.955] INFO <2tmrrBo1Lgt1mzzvPSFt73kkQKFas5d1AP88tv9cicwoFp8BSn Chain> /tmp/epochdb-subnet-source-finalise/mod/github.com/ava-labs/avalanchego/graft/subnet-evm@v1.14.3-0.20260804141953-6dc4c3b395b6/core/blockchain.go:433 Pre-Merge hard forks (block based):
[09-08|20:50:16.955] INFO <2tmrrBo1Lgt1mzzvPSFt73kkQKFas5d1AP88tv9cicwoFp8BSn Chain> /tmp/epochdb-subnet-source-finalise/mod/github.com/ava-labs/avalanchego/graft/subnet-evm@v1.14.3-0.20260804141953-6dc4c3b395b6/core/blockchain.go:433  - Homestead:                   #0        (https://github.com/ethereum/execution-specs/blob/master/network-upgrades/mainnet-upgrades/homestead.md)
[09-08|20:50:16.955] INFO <2tmrrBo1Lgt1mzzvPSFt73kkQKFas5d1AP88tv9cicwoFp8BSn Chain> /tmp/epochdb-subnet-source-finalise/mod/github.com/ava-labs/avalanchego/graft/subnet-evm@v1.14.3-0.20260804141953-6dc4c3b395b6/core/blockchain.go:433  - Tangerine Whistle (EIP 150): #0        (https://github.com/ethereum/execution-specs/blob/master/network-upgrades/mainnet-upgrades/tangerine-whistle.md)
[09-08|20:50:16.955] INFO <2tmrrBo1Lgt1mzzvPSFt73kkQKFas5d1AP88tv9cicwoFp8BSn Chain> /tmp/epochdb-subnet-source-finalise/mod/github.com/ava-labs/avalanchego/graft/subnet-evm@v1.14.3-0.20260804141953-6dc4c3b395b6/core/blockchain.go:433  - Spurious Dragon/1 (EIP 155): #0        (https://github.com/ethereum/execution-specs/blob/master/network-upgrades/mainnet-upgrades/spurious-dragon.md)
[09-08|20:50:16.955] INFO <2tmrrBo1Lgt1mzzvPSFt73kkQKFas5d1AP88tv9cicwoFp8BSn Chain> /tmp/epochdb-subnet-source-finalise/mod/github.com/ava-labs/avalanchego/graft/subnet-evm@v1.14.3-0.20260804141953-6dc4c3b395b6/core/blockchain.go:433  - Spurious Dragon/2 (EIP 158): #0        (https://github.com/ethereum/execution-specs/blob/master/network-upgrades/mainnet-upgrades/spurious-dragon.md)
[09-08|20:50:16.955] INFO <2tmrrBo1Lgt1mzzvPSFt73kkQKFas5d1AP88tv9cicwoFp8BSn Chain> /tmp/epochdb-subnet-source-finalise/mod/github.com/ava-labs/avalanchego/graft/subnet-evm@v1.14.3-0.20260804141953-6dc4c3b395b6/core/blockchain.go:433  - Byzantium:                   #0        (https://github.com/ethereum/execution-specs/blob/master/network-upgrades/mainnet-upgrades/byzantium.md)
[09-08|20:50:16.955] INFO <2tmrrBo1Lgt1mzzvPSFt73kkQKFas5d1AP88tv9cicwoFp8BSn Chain> /tmp/epochdb-subnet-source-finalise/mod/github.com/ava-labs/avalanchego/graft/subnet-evm@v1.14.3-0.20260804141953-6dc4c3b395b6/core/blockchain.go:433  - Constantinople:              #0        (https://github.com/ethereum/execution-specs/blob/master/network-upgrades/mainnet-upgrades/constantinople.md)
[09-08|20:50:16.955] INFO <2tmrrBo1Lgt1mzzvPSFt73kkQKFas5d1AP88tv9cicwoFp8BSn Chain> /tmp/epochdb-subnet-source-finalise/mod/github.com/ava-labs/avalanchego/graft/subnet-evm@v1.14.3-0.20260804141953-6dc4c3b395b6/core/blockchain.go:433  - Petersburg:                  #0        (https://github.com/ethereum/execution-specs/blob/master/network-upgrades/mainnet-upgrades/petersburg.md)
[09-08|20:50:16.955] INFO <2tmrrBo1Lgt1mzzvPSFt73kkQKFas5d1AP88tv9cicwoFp8BSn Chain> /tmp/epochdb-subnet-source-finalise/mod/github.com/ava-labs/avalanchego/graft/subnet-evm@v1.14.3-0.20260804141953-6dc4c3b395b6/core/blockchain.go:433  - Istanbul:                    #0        (https://github.com/ethereum/execution-specs/blob/master/network-upgrades/mainnet-upgrades/istanbul.md)
[09-08|20:50:16.955] INFO <2tmrrBo1Lgt1mzzvPSFt73kkQKFas5d1AP88tv9cicwoFp8BSn Chain> /tmp/epochdb-subnet-source-finalise/mod/github.com/ava-labs/avalanchego/graft/subnet-evm@v1.14.3-0.20260804141953-6dc4c3b395b6/core/blockchain.go:433  - Muir Glacier:                #0        (https://github.com/ethereum/execution-specs/blob/master/network-upgrades/mainnet-upgrades/muir-glacier.md)
[09-08|20:50:16.955] INFO <2tmrrBo1Lgt1mzzvPSFt73kkQKFas5d1AP88tv9cicwoFp8BSn Chain> /tmp/epochdb-subnet-source-finalise/mod/github.com/ava-labs/avalanchego/graft/subnet-evm@v1.14.3-0.20260804141953-6dc4c3b395b6/core/blockchain.go:433  - Berlin:                      #0        (https://github.com/ethereum/execution-specs/blob/master/network-upgrades/mainnet-upgrades/berlin.md)
[09-08|20:50:16.955] INFO <2tmrrBo1Lgt1mzzvPSFt73kkQKFas5d1AP88tv9cicwoFp8BSn Chain> /tmp/epochdb-subnet-source-finalise/mod/github.com/ava-labs/avalanchego/graft/subnet-evm@v1.14.3-0.20260804141953-6dc4c3b395b6/core/blockchain.go:433  - London:                      #0        (https://github.com/ethereum/execution-specs/blob/master/network-upgrades/mainnet-upgrades/london.md)
[09-08|20:50:16.955] INFO <2tmrrBo1Lgt1mzzvPSFt73kkQKFas5d1AP88tv9cicwoFp8BSn Chain> /tmp/epochdb-subnet-source-finalise/mod/github.com/ava-labs/avalanchego/graft/subnet-evm@v1.14.3-0.20260804141953-6dc4c3b395b6/core/blockchain.go:433 
[09-08|20:50:16.955] INFO <2tmrrBo1Lgt1mzzvPSFt73kkQKFas5d1AP88tv9cicwoFp8BSn Chain> /tmp/epochdb-subnet-source-finalise/mod/github.com/ava-labs/avalanchego/graft/subnet-evm@v1.14.3-0.20260804141953-6dc4c3b395b6/core/blockchain.go:433 The Merge is not yet available for this network!
[09-08|20:50:16.955] INFO <2tmrrBo1Lgt1mzzvPSFt73kkQKFas5d1AP88tv9cicwoFp8BSn Chain> /tmp/epochdb-subnet-source-finalise/mod/github.com/ava-labs/avalanchego/graft/subnet-evm@v1.14.3-0.20260804141953-6dc4c3b395b6/core/blockchain.go:433  - Hard-fork specification: https://github.com/ethereum/execution-specs/blob/master/network-upgrades/mainnet-upgrades/paris.md
[09-08|20:50:16.955] INFO <2tmrrBo1Lgt1mzzvPSFt73kkQKFas5d1AP88tv9cicwoFp8BSn Chain> /tmp/epochdb-subnet-source-finalise/mod/github.com/ava-labs/avalanchego/graft/subnet-evm@v1.14.3-0.20260804141953-6dc4c3b395b6/core/blockchain.go:433 
[09-08|20:50:16.955] INFO <2tmrrBo1Lgt1mzzvPSFt73kkQKFas5d1AP88tv9cicwoFp8BSn Chain> /tmp/epochdb-subnet-source-finalise/mod/github.com/ava-labs/avalanchego/graft/subnet-evm@v1.14.3-0.20260804141953-6dc4c3b395b6/core/blockchain.go:433 Post-Merge hard forks (timestamp based):
[09-08|20:50:16.955] INFO <2tmrrBo1Lgt1mzzvPSFt73kkQKFas5d1AP88tv9cicwoFp8BSn Chain> /tmp/epochdb-subnet-source-finalise/mod/github.com/ava-labs/avalanchego/graft/subnet-evm@v1.14.3-0.20260804141953-6dc4c3b395b6/core/blockchain.go:433  - Shanghai:                    @1709740800 (https://github.com/ethereum/execution-specs/blob/master/network-upgrades/mainnet-upgrades/shanghai.md)
[09-08|20:50:16.955] INFO <2tmrrBo1Lgt1mzzvPSFt73kkQKFas5d1AP88tv9cicwoFp8BSn Chain> /tmp/epochdb-subnet-source-finalise/mod/github.com/ava-labs/avalanchego/graft/subnet-evm@v1.14.3-0.20260804141953-6dc4c3b395b6/core/blockchain.go:433  - Cancun:                      @1734368400 (https://github.com/ethereum/execution-specs/blob/master/network-upgrades/mainnet-upgrades/cancun.md)
[09-08|20:50:16.955] INFO <2tmrrBo1Lgt1mzzvPSFt73kkQKFas5d1AP88tv9cicwoFp8BSn Chain> /tmp/epochdb-subnet-source-finalise/mod/github.com/ava-labs/avalanchego/graft/subnet-evm@v1.14.3-0.20260804141953-6dc4c3b395b6/core/blockchain.go:433 Avalanche Upgrades (timestamp based):
[09-08|20:50:16.955] INFO <2tmrrBo1Lgt1mzzvPSFt73kkQKFas5d1AP88tv9cicwoFp8BSn Chain> /tmp/epochdb-subnet-source-finalise/mod/github.com/ava-labs/avalanchego/graft/subnet-evm@v1.14.3-0.20260804141953-6dc4c3b395b6/core/blockchain.go:433  - SubnetEVM Timestamp:          @0          (https://github.com/ava-labs/avalanchego/releases/tag/v1.10.0)
[09-08|20:50:16.955] INFO <2tmrrBo1Lgt1mzzvPSFt73kkQKFas5d1AP88tv9cicwoFp8BSn Chain> /tmp/epochdb-subnet-source-finalise/mod/github.com/ava-labs/avalanchego/graft/subnet-evm@v1.14.3-0.20260804141953-6dc4c3b395b6/core/blockchain.go:433  - Durango Timestamp:            @1709740800 (https://github.com/ava-labs/avalanchego/releases/tag/v1.11.0)
[09-08|20:50:16.955] INFO <2tmrrBo1Lgt1mzzvPSFt73kkQKFas5d1AP88tv9cicwoFp8BSn Chain> /tmp/epochdb-subnet-source-finalise/mod/github.com/ava-labs/avalanchego/graft/subnet-evm@v1.14.3-0.20260804141953-6dc4c3b395b6/core/blockchain.go:433  - Etna Timestamp:               @1734368400 (https://github.com/ava-labs/avalanchego/releases/tag/v1.12.0)
[09-08|20:50:16.955] INFO <2tmrrBo1Lgt1mzzvPSFt73kkQKFas5d1AP88tv9cicwoFp8BSn Chain> /tmp/epochdb-subnet-source-finalise/mod/github.com/ava-labs/avalanchego/graft/subnet-evm@v1.14.3-0.20260804141953-6dc4c3b395b6/core/blockchain.go:433  - Fortuna Timestamp:            @nil        (https://github.com/ava-labs/avalanchego/releases/tag/v1.13.0)
[09-08|20:50:16.955] INFO <2tmrrBo1Lgt1mzzvPSFt73kkQKFas5d1AP88tv9cicwoFp8BSn Chain> /tmp/epochdb-subnet-source-finalise/mod/github.com/ava-labs/avalanchego/graft/subnet-evm@v1.14.3-0.20260804141953-6dc4c3b395b6/core/blockchain.go:433  - Granite Timestamp:            @1763568000 (https://github.com/ava-labs/avalanchego/releases/tag/v1.14.0)
[09-08|20:50:16.955] INFO <2tmrrBo1Lgt1mzzvPSFt73kkQKFas5d1AP88tv9cicwoFp8BSn Chain> /tmp/epochdb-subnet-source-finalise/mod/github.com/ava-labs/avalanchego/graft/subnet-evm@v1.14.3-0.20260804141953-6dc4c3b395b6/core/blockchain.go:433  - Helicon Timestamp:            @253399622400 (Unscheduled)
[09-08|20:50:16.955] INFO <2tmrrBo1Lgt1mzzvPSFt73kkQKFas5d1AP88tv9cicwoFp8BSn Chain> /tmp/epochdb-subnet-source-finalise/mod/github.com/ava-labs/avalanchego/graft/subnet-evm@v1.14.3-0.20260804141953-6dc4c3b395b6/core/blockchain.go:433 
[09-08|20:50:16.955] INFO <2tmrrBo1Lgt1mzzvPSFt73kkQKFas5d1AP88tv9cicwoFp8BSn Chain> /tmp/epochdb-subnet-source-finalise/mod/github.com/ava-labs/avalanchego/graft/subnet-evm@v1.14.3-0.20260804141953-6dc4c3b395b6/core/blockchain.go:433 Upgrade Config: {"precompileUpgrades":[{"contractNativeMinterConfig":{"adminAddresses":["0x1cd22e79976cb97fb65ccbada316ebd46881fa12","0xbca66eaf37b4c08b49d41e682e701e153f17e1d6","0x172fffc69ed471b7ff2465ae97504985f7071593"],"enabledAddresses":["0x277280e8337e64a3a8e8b795d4e8e5e00bf6e203"],"blockTimestamp":1692702000}},{"txAllowListConfig":{"adminAddresses":["0x277280e8337e64a3a8e8b795d4e8e5e00bf6e203","0xbca66eaf37b4c08b49d41e682e701e153f17e1d6","0x172fffc69ed471b7ff2465ae97504985f7071593","0x070a6fb7db4e0e3ebb41a6d09383119fec5f7ceb"],"blockTimestamp":1698760800}},{"txAllowListConfig":{"blockTimestamp":1698771600,"disable":true}},{"contractDeployerAllowListConfig":{"blockTimestamp":1698775200,"disable":true}},{"warpConfig":{"blockTimestamp":1729807200,"quorumNumerator":67,"requirePrimaryNetworkSigners":false}},{"warpConfig":{"blockTimestamp":1744124400,"disable":true,"quorumNumerator":0,"requirePrimaryNetworkSigners":false}},{"warpConfig":{"blockTimestamp":1744124404,"quorumNumerator":67,"requirePrimaryNetworkSigners":true}}]}
[09-08|20:50:16.955] INFO <2tmrrBo1Lgt1mzzvPSFt73kkQKFas5d1AP88tv9cicwoFp8BSn Chain> /tmp/epochdb-subnet-source-finalise/mod/github.com/ava-labs/avalanchego/graft/subnet-evm@v1.14.3-0.20260804141953-6dc4c3b395b6/core/blockchain.go:433 Fee Config: {"gasLimit":8000000,"targetBlockRate":2,"minBaseFee":10000000000,"targetGas":50000000,"baseFeeChangeDenominator":72,"minBlockGasCost":0,"maxBlockGasCost":1000000,"blockGasCostStep":100000}
[09-08|20:50:16.955] INFO <2tmrrBo1Lgt1mzzvPSFt73kkQKFas5d1AP88tv9cicwoFp8BSn Chain> /tmp/epochdb-subnet-source-finalise/mod/github.com/ava-labs/avalanchego/graft/subnet-evm@v1.14.3-0.20260804141953-6dc4c3b395b6/core/blockchain.go:433 Allow Fee Recipients: false
[09-08|20:50:16.955] INFO <2tmrrBo1Lgt1mzzvPSFt73kkQKFas5d1AP88tv9cicwoFp8BSn Chain> /tmp/epochdb-subnet-source-finalise/mod/github.com/ava-labs/avalanchego/graft/subnet-evm@v1.14.3-0.20260804141953-6dc4c3b395b6/core/blockchain.go:433 
[09-08|20:50:16.955] INFO <2tmrrBo1Lgt1mzzvPSFt73kkQKFas5d1AP88tv9cicwoFp8BSn Chain> /tmp/epochdb-subnet-source-finalise/mod/github.com/ava-labs/avalanchego/graft/subnet-evm@v1.14.3-0.20260804141953-6dc4c3b395b6/core/blockchain.go:435 ---------------------------------------------------------------------------------------------------------------------------------------------------------
[09-08|20:50:16.955] INFO <2tmrrBo1Lgt1mzzvPSFt73kkQKFas5d1AP88tv9cicwoFp8BSn Chain> /tmp/epochdb-subnet-source-finalise/mod/github.com/ava-labs/avalanchego/graft/subnet-evm@v1.14.3-0.20260804141953-6dc4c3b395b6/core/blockchain.go:436 
[09-08|20:50:16.956] INFO <2tmrrBo1Lgt1mzzvPSFt73kkQKFas5d1AP88tv9cicwoFp8BSn Chain> /tmp/epochdb-subnet-source-finalise/mod/github.com/ava-labs/avalanchego/graft/subnet-evm@v1.14.3-0.20260804141953-6dc4c3b395b6/core/blockchain.go:778 Loaded most recent local header          number=0 hash=bbf116..e65f3d age=57y6mo4d
[09-08|20:50:16.956] INFO <2tmrrBo1Lgt1mzzvPSFt73kkQKFas5d1AP88tv9cicwoFp8BSn Chain> /tmp/epochdb-subnet-source-finalise/mod/github.com/ava-labs/avalanchego/graft/subnet-evm@v1.14.3-0.20260804141953-6dc4c3b395b6/core/blockchain.go:779 Loaded most recent local full block      number=0 hash=bbf116..e65f3d age=57y6mo4d
[09-08|20:50:16.956] INFO <2tmrrBo1Lgt1mzzvPSFt73kkQKFas5d1AP88tv9cicwoFp8BSn Chain> /tmp/epochdb-subnet-source-finalise/mod/github.com/ava-labs/avalanchego/graft/subnet-evm@v1.14.3-0.20260804141953-6dc4c3b395b6/core/blockchain.go:1909 Loaded Acceptor tip                      hash=000000..000000
[09-08|20:50:16.956] INFO <2tmrrBo1Lgt1mzzvPSFt73kkQKFas5d1AP88tv9cicwoFp8BSn Chain> /tmp/epochdb-subnet-source-finalise/mod/github.com/ava-labs/avalanchego/graft/subnet-evm@v1.14.3-0.20260804141953-6dc4c3b395b6/core/blockchain.go:1920 Skipping state reprocessing              root=e3f873..83bb60
[09-08|20:50:16.956] INFO <2tmrrBo1Lgt1mzzvPSFt73kkQKFas5d1AP88tv9cicwoFp8BSn Chain> /tmp/epochdb-subnet-source-finalise/mod/github.com/ava-labs/avalanchego/graft/subnet-evm@v1.14.3-0.20260804141953-6dc4c3b395b6/core/blockchain.go:603 Not warming accepted cache because there are no accepted blocks
[09-08|20:50:16.956] INFO <2tmrrBo1Lgt1mzzvPSFt73kkQKFas5d1AP88tv9cicwoFp8BSn Chain> /tmp/epochdb-subnet-source-finalise/mod/github.com/ava-labs/avalanchego/graft/subnet-evm@v1.14.3-0.20260804141953-6dc4c3b395b6/core/blockchain.go:628 Starting Acceptor                        "queue length"=64
[09-08|20:50:16.956] INFO <2tmrrBo1Lgt1mzzvPSFt73kkQKFas5d1AP88tv9cicwoFp8BSn Chain> /tmp/epochdb-subnet-source-finalise/mod/github.com/ava-labs/avalanchego/graft/subnet-evm@v1.14.3-0.20260804141953-6dc4c3b395b6/core/txpool/legacypool/legacypool.go:498 Legacy pool tip threshold updated        tip=0
[09-08|20:50:16.957] INFO <2tmrrBo1Lgt1mzzvPSFt73kkQKFas5d1AP88tv9cicwoFp8BSn Chain> /tmp/epochdb-subnet-source-finalise/mod/github.com/ava-labs/avalanchego/graft/subnet-evm@v1.14.3-0.20260804141953-6dc4c3b395b6/plugin/evm/vm.go:1193 enabling apis                            apis="[eth eth-filter net web3 internal-eth internal-blockchain internal-transaction validators]"
2026/09/08 20:50:16 epochdb-host: corpus=/data/bench/input/beam-1m.corpus accepted=0 stop=1000000 batch=256 ring=4096 vm_pid=37579
2026/09/08 20:50:16 epochdb-host: batched parse=true batch=256 ring=4096
[09-08|20:50:19.275] INFO <2tmrrBo1Lgt1mzzvPSFt73kkQKFas5d1AP88tv9cicwoFp8BSn Chain> /tmp/epochdb-subnet-source-finalise/mod/github.com/ava-labs/avalanchego/graft/subnet-evm@v1.14.3-0.20260804141953-6dc4c3b395b6/core/state_processor_ext.go:56 Activating new precompile                name=contractNativeMinterConfig      config="{\"adminAddresses\":[\"0x1cd22e79976cb97fb65ccbada316ebd46881fa12\",\"0xbca66eaf37b4c08b49d41e682e701e153f17e1d6\",\"0x172fffc69ed471b7ff2465ae97504985f7071593\"],\"enabledAddresses\":[\"0x277280e8337e64a3a8e8b795d4e8e5e00bf6e203\"],\"blockTimestamp\":1692702000}"
2026/09/08 20:50:26 bench t=9s h=9555 blk=9555 tx=9790 mgas/s=51.3 cum=51.4 wait=0.0s full=9.6s host_rss=119MB vm_rss=156MB
2026/09/08 20:50:36 bench t=19s h=18901 blk=9346 tx=9629 mgas/s=40.0 cum=45.7 wait=0.0s full=10.0s host_rss=176MB vm_rss=188MB
2026/09/08 20:50:46 bench t=29s h=27440 blk=8539 tx=8706 mgas/s=55.1 cum=48.8 wait=0.0s full=9.9s host_rss=218MB vm_rss=217MB
2026/09/08 20:50:56 bench t=39s h=35586 blk=8146 tx=8656 mgas/s=91.7 cum=59.6 wait=0.0s full=10.0s host_rss=269MB vm_rss=255MB
2026/09/08 20:51:06 bench t=49s h=43430 blk=7844 tx=8142 mgas/s=80.1 cum=63.7 wait=0.0s full=10.0s host_rss=302MB vm_rss=299MB
[09-08|20:51:07.991] INFO <2tmrrBo1Lgt1mzzvPSFt73kkQKFas5d1AP88tv9cicwoFp8BSn Chain> /tmp/epochdb-subnet-source-finalise/mod/github.com/ava-labs/avalanchego/graft/subnet-evm@v1.14.3-0.20260804141953-6dc4c3b395b6/core/state_processor_ext.go:56 Activating new precompile                name=txAllowListConfig               config="{\"adminAddresses\":[\"0x277280e8337e64a3a8e8b795d4e8e5e00bf6e203\",\"0xbca66eaf37b4c08b49d41e682e701e153f17e1d6\",\"0x172fffc69ed471b7ff2465ae97504985f7071593\",\"0x070a6fb7db4e0e3ebb41a6d09383119fec5f7ceb\"],\"blockTimestamp\":1698760800}"
[09-08|20:51:08.048] INFO <2tmrrBo1Lgt1mzzvPSFt73kkQKFas5d1AP88tv9cicwoFp8BSn Chain> /tmp/epochdb-subnet-source-finalise/mod/github.com/ava-labs/avalanchego/graft/subnet-evm@v1.14.3-0.20260804141953-6dc4c3b395b6/core/state_processor_ext.go:39 Disabling precompile                     name=txAllowListConfig
[09-08|20:51:08.087] INFO <2tmrrBo1Lgt1mzzvPSFt73kkQKFas5d1AP88tv9cicwoFp8BSn Chain> /tmp/epochdb-subnet-source-finalise/mod/github.com/ava-labs/avalanchego/graft/subnet-evm@v1.14.3-0.20260804141953-6dc4c3b395b6/core/state_processor_ext.go:39 Disabling precompile                     name=contractDeployerAllowListConfig
2026/09/08 20:51:16 bench t=59s h=52782 blk=9352 tx=9580 mgas/s=40.5 cum=59.8 wait=0.0s full=9.9s host_rss=367MB vm_rss=327MB
2026/09/08 20:51:26 bench t=69s h=62479 blk=9696 tx=9967 mgas/s=26.1 cum=55.0 wait=0.0s full=9.9s host_rss=444MB vm_rss=304MB
2026/09/08 20:51:36 bench t=79s h=72178 blk=9700 tx=9871 mgas/s=26.7 cum=51.5 wait=0.0s full=9.9s host_rss=511MB vm_rss=324MB
2026/09/08 20:51:46 bench t=89s h=81074 blk=8896 tx=9089 mgas/s=64.1 cum=52.9 wait=0.0s full=9.9s host_rss=566MB vm_rss=395MB
2026/09/08 20:51:56 bench t=99s h=83106 blk=2032 tx=2048 mgas/s=460.7 cum=93.7 wait=0.0s full=10.0s host_rss=584MB vm_rss=577MB
2026/09/08 20:52:06 bench t=109s h=88502 blk=5396 tx=5497 mgas/s=219.7 cum=105.1 wait=0.0s full=10.0s host_rss=584MB vm_rss=390MB
2026/09/08 20:52:16 bench t=119s h=97543 blk=9041 tx=9249 mgas/s=38.4 cum=99.5 wait=0.0s full=10.0s host_rss=644MB vm_rss=361MB
2026/09/08 20:52:26 bench t=129s h=102131 blk=4588 tx=4692 mgas/s=308.3 cum=115.6 wait=0.0s full=9.9s host_rss=648MB vm_rss=586MB
2026/09/08 20:52:36 bench t=139s h=110635 blk=8504 tx=8673 mgas/s=64.4 cum=112.0 wait=0.0s full=10.0s host_rss=649MB vm_rss=539MB
2026/09/08 20:52:46 bench t=149s h=118524 blk=7889 tx=8144 mgas/s=60.2 cum=108.5 wait=0.0s full=9.9s host_rss=634MB vm_rss=594MB
2026/09/08 20:52:56 bench t=159s h=127153 blk=8629 tx=8791 mgas/s=44.1 cum=104.5 wait=0.0s full=9.5s host_rss=634MB vm_rss=611MB
2026/09/08 20:53:06 bench t=169s h=135779 blk=8626 tx=8664 mgas/s=48.9 cum=101.2 wait=0.0s full=9.9s host_rss=623MB vm_rss=629MB
2026/09/08 20:53:16 bench t=179s h=144341 blk=8562 tx=8583 mgas/s=50.8 cum=98.4 wait=0.0s full=9.8s host_rss=623MB vm_rss=642MB
2026/09/08 20:53:26 bench t=189s h=152956 blk=8615 tx=8641 mgas/s=44.0 cum=95.5 wait=0.0s full=9.9s host_rss=623MB vm_rss=654MB
2026/09/08 20:53:36 bench t=199s h=161555 blk=8599 tx=8640 mgas/s=46.4 cum=93.1 wait=0.0s full=10.0s host_rss=623MB vm_rss=660MB
2026/09/08 20:53:46 bench t=209s h=170013 blk=8458 tx=8660 mgas/s=47.6 cum=90.9 wait=0.0s full=9.8s host_rss=623MB vm_rss=659MB
2026/09/08 20:53:56 bench t=219s h=179023 blk=9010 tx=9223 mgas/s=35.7 cum=88.4 wait=0.0s full=10.0s host_rss=628MB vm_rss=660MB
2026/09/08 20:54:06 bench t=229s h=187933 blk=8910 tx=9792 mgas/s=26.1 cum=85.7 wait=0.0s full=9.9s host_rss=628MB vm_rss=490MB
2026/09/08 20:54:16 bench t=239s h=197168 blk=9235 tx=9901 mgas/s=28.2 cum=83.3 wait=0.0s full=9.9s host_rss=652MB vm_rss=485MB
2026/09/08 20:54:26 bench t=249s h=206128 blk=8960 tx=9885 mgas/s=33.5 cum=81.3 wait=0.0s full=9.8s host_rss=666MB vm_rss=492MB
2026/09/08 20:54:36 bench t=259s h=215171 blk=9043 tx=9672 mgas/s=34.3 cum=79.5 wait=0.0s full=9.7s host_rss=666MB vm_rss=516MB
2026/09/08 20:54:46 bench t=269s h=224314 blk=9143 tx=9340 mgas/s=28.9 cum=77.6 wait=0.0s full=10.1s host_rss=685MB vm_rss=519MB
2026/09/08 20:54:56 bench t=279s h=232864 blk=8550 tx=8724 mgas/s=40.6 cum=76.3 wait=0.0s full=9.7s host_rss=693MB vm_rss=523MB
2026/09/08 20:55:06 bench t=289s h=241808 blk=8944 tx=9214 mgas/s=32.4 cum=74.8 wait=0.0s full=10.0s host_rss=693MB vm_rss=533MB
2026/09/08 20:55:16 bench t=299s h=251023 blk=9215 tx=9890 mgas/s=32.4 cum=73.4 wait=0.0s full=10.0s host_rss=707MB vm_rss=556MB
2026/09/08 20:55:26 bench t=309s h=259601 blk=8578 tx=9138 mgas/s=44.3 cum=72.4 wait=0.0s full=9.8s host_rss=707MB vm_rss=578MB
2026/09/08 20:55:36 bench t=319s h=268587 blk=8985 tx=9512 mgas/s=34.3 cum=71.2 wait=0.0s full=9.9s host_rss=717MB vm_rss=574MB
2026/09/08 20:55:46 bench t=329s h=277387 blk=8801 tx=9364 mgas/s=35.9 cum=70.2 wait=0.0s full=10.0s host_rss=722MB vm_rss=594MB
2026/09/08 20:55:56 bench t=339s h=286558 blk=9171 tx=9503 mgas/s=29.3 cum=69.0 wait=0.0s full=9.8s host_rss=722MB vm_rss=586MB
2026/09/08 20:56:06 bench t=349s h=295627 blk=9069 tx=9393 mgas/s=30.9 cum=67.9 wait=0.0s full=9.8s host_rss=722MB vm_rss=586MB
2026/09/08 20:56:16 bench t=359s h=304507 blk=8880 tx=9302 mgas/s=34.5 cum=67.0 wait=0.0s full=9.9s host_rss=722MB vm_rss=621MB
2026/09/08 20:56:26 bench t=369s h=313683 blk=9176 tx=9511 mgas/s=37.1 cum=66.2 wait=0.0s full=10.0s host_rss=722MB vm_rss=619MB
2026/09/08 20:56:36 bench t=379s h=322743 blk=9060 tx=12884 mgas/s=33.1 cum=65.3 wait=0.0s full=10.0s host_rss=722MB vm_rss=622MB
2026/09/08 20:56:46 bench t=389s h=331136 blk=8393 tx=12522 mgas/s=31.6 cum=64.4 wait=0.0s full=10.0s host_rss=722MB vm_rss=651MB
2026/09/08 20:56:56 bench t=399s h=339977 blk=8841 tx=11449 mgas/s=31.5 cum=63.6 wait=0.0s full=10.0s host_rss=735MB vm_rss=517MB
2026/09/08 20:57:06 bench t=409s h=348759 blk=8782 tx=12930 mgas/s=31.3 cum=62.8 wait=0.0s full=10.0s host_rss=735MB vm_rss=515MB
2026/09/08 20:57:16 bench t=419s h=357607 blk=8848 tx=12564 mgas/s=31.2 cum=62.1 wait=0.0s full=9.8s host_rss=735MB vm_rss=533MB
2026/09/08 20:57:26 bench t=429s h=366888 blk=9281 tx=13925 mgas/s=36.6 cum=61.5 wait=0.0s full=9.8s host_rss=738MB vm_rss=541MB
2026/09/08 20:57:36 bench t=439s h=375383 blk=8495 tx=9170 mgas/s=46.6 cum=61.1 wait=0.0s full=9.7s host_rss=738MB vm_rss=555MB
2026/09/08 20:57:46 bench t=449s h=384088 blk=8705 tx=12280 mgas/s=35.6 cum=60.6 wait=0.0s full=9.9s host_rss=739MB vm_rss=580MB
2026/09/08 20:57:56 bench t=459s h=393179 blk=9091 tx=11199 mgas/s=28.3 cum=59.9 wait=0.0s full=10.0s host_rss=739MB vm_rss=595MB
2026/09/08 20:58:06 bench t=469s h=402223 blk=9044 tx=11094 mgas/s=29.9 cum=59.2 wait=0.0s full=9.7s host_rss=741MB vm_rss=593MB
2026/09/08 20:58:16 bench t=479s h=411163 blk=8940 tx=11857 mgas/s=30.9 cum=58.6 wait=0.0s full=9.7s host_rss=742MB vm_rss=602MB
2026/09/08 20:58:26 bench t=489s h=419986 blk=8823 tx=12936 mgas/s=34.4 cum=58.1 wait=0.0s full=9.9s host_rss=742MB vm_rss=621MB
2026/09/08 20:58:36 bench t=499s h=429209 blk=9223 tx=9720 mgas/s=60.3 cum=58.2 wait=0.0s full=9.8s host_rss=746MB vm_rss=646MB
2026/09/08 20:58:46 bench t=509s h=437998 blk=8789 tx=10000 mgas/s=43.3 cum=57.9 wait=0.0s full=10.0s host_rss=747MB vm_rss=649MB
2026/09/08 20:58:56 bench t=519s h=447157 blk=9159 tx=10892 mgas/s=32.3 cum=57.4 wait=0.0s full=9.9s host_rss=747MB vm_rss=666MB
2026/09/08 20:59:06 bench t=529s h=455836 blk=8679 tx=13185 mgas/s=40.0 cum=57.1 wait=0.0s full=9.8s host_rss=747MB vm_rss=691MB
2026/09/08 20:59:16 bench t=539s h=464008 blk=8172 tx=19341 mgas/s=50.5 cum=56.9 wait=0.0s full=10.0s host_rss=747MB vm_rss=702MB
2026/09/08 20:59:26 bench t=549s h=471339 blk=7331 tx=16298 mgas/s=51.0 cum=56.8 wait=0.0s full=9.9s host_rss=747MB vm_rss=528MB
2026/09/08 20:59:36 bench t=559s h=480300 blk=8961 tx=16536 mgas/s=54.2 cum=56.8 wait=0.0s full=10.0s host_rss=747MB vm_rss=531MB
2026/09/08 20:59:46 bench t=569s h=490834 blk=10534 tx=12662 mgas/s=46.2 cum=56.6 wait=0.0s full=9.9s host_rss=747MB vm_rss=553MB
2026/09/08 20:59:56 bench t=579s h=499542 blk=8708 tx=10242 mgas/s=37.2 cum=56.3 wait=0.0s full=9.9s host_rss=747MB vm_rss=568MB
2026/09/08 21:00:06 bench t=589s h=507575 blk=8033 tx=10220 mgas/s=51.2 cum=56.2 wait=0.0s full=9.9s host_rss=747MB vm_rss=597MB
2026/09/08 21:00:16 bench t=599s h=515409 blk=7834 tx=10827 mgas/s=58.5 cum=56.2 wait=0.0s full=10.0s host_rss=747MB vm_rss=606MB
2026/09/08 21:00:26 bench t=609s h=523404 blk=7995 tx=10678 mgas/s=52.9 cum=56.2 wait=0.0s full=10.1s host_rss=747MB vm_rss=624MB
2026/09/08 21:00:36 bench t=619s h=531708 blk=8304 tx=17970 mgas/s=56.0 cum=56.2 wait=0.0s full=9.8s host_rss=747MB vm_rss=625MB
2026/09/08 21:00:46 bench t=629s h=541164 blk=9456 tx=24742 mgas/s=72.7 cum=56.4 wait=0.0s full=9.8s host_rss=747MB vm_rss=656MB
2026/09/08 21:00:56 bench t=639s h=550705 blk=9541 tx=20578 mgas/s=74.8 cum=56.7 wait=0.0s full=10.1s host_rss=747MB vm_rss=657MB
2026/09/08 21:01:06 bench t=649s h=559516 blk=8811 tx=13465 mgas/s=57.0 cum=56.7 wait=0.0s full=9.9s host_rss=747MB vm_rss=680MB
2026/09/08 21:01:16 bench t=659s h=568386 blk=8870 tx=10386 mgas/s=34.6 cum=56.4 wait=0.0s full=10.1s host_rss=747MB vm_rss=731MB
2026/09/08 21:01:26 bench t=669s h=577095 blk=8709 tx=10312 mgas/s=40.4 cum=56.1 wait=0.0s full=9.8s host_rss=747MB vm_rss=729MB
2026/09/08 21:01:36 bench t=679s h=586711 blk=9616 tx=11847 mgas/s=48.1 cum=56.0 wait=0.0s full=9.8s host_rss=747MB vm_rss=737MB
2026/09/08 21:01:46 bench t=689s h=596684 blk=9973 tx=12003 mgas/s=39.4 cum=55.8 wait=0.0s full=9.8s host_rss=747MB vm_rss=543MB
2026/09/08 21:01:56 bench t=699s h=606406 blk=9722 tx=22331 mgas/s=58.6 cum=55.8 wait=0.0s full=9.9s host_rss=747MB vm_rss=567MB
2026/09/08 21:02:06 bench t=709s h=615566 blk=9160 tx=23113 mgas/s=71.4 cum=56.0 wait=0.0s full=9.8s host_rss=747MB vm_rss=591MB
2026/09/08 21:02:16 bench t=719s h=625002 blk=9436 tx=22962 mgas/s=66.4 cum=56.2 wait=0.0s full=10.0s host_rss=747MB vm_rss=638MB
2026/09/08 21:02:26 bench t=729s h=634326 blk=9324 tx=24185 mgas/s=66.8 cum=56.3 wait=0.0s full=9.9s host_rss=747MB vm_rss=653MB
2026/09/08 21:02:36 bench t=739s h=644148 blk=9822 tx=16049 mgas/s=61.5 cum=56.4 wait=0.0s full=9.7s host_rss=748MB vm_rss=670MB
2026/09/08 21:02:46 bench t=749s h=654047 blk=9899 tx=11063 mgas/s=63.3 cum=56.5 wait=0.0s full=10.0s host_rss=748MB vm_rss=685MB
2026/09/08 21:02:56 bench t=759s h=664203 blk=10156 tx=17261 mgas/s=60.2 cum=56.5 wait=0.0s full=10.0s host_rss=748MB vm_rss=761MB
2026/09/08 21:03:06 bench t=769s h=674828 blk=10625 tx=19438 mgas/s=55.4 cum=56.5 wait=0.0s full=9.8s host_rss=748MB vm_rss=748MB
2026/09/08 21:03:16 bench t=779s h=684060 blk=9232 tx=15202 mgas/s=79.6 cum=56.8 wait=0.0s full=9.7s host_rss=748MB vm_rss=749MB
2026/09/08 21:03:26 bench t=789s h=691887 blk=7827 tx=8837 mgas/s=104.2 cum=57.4 wait=0.0s full=9.9s host_rss=748MB vm_rss=744MB
2026/09/08 21:03:36 bench t=799s h=700161 blk=8274 tx=8803 mgas/s=95.7 cum=57.9 wait=0.0s full=10.1s host_rss=748MB vm_rss=739MB
2026/09/08 21:03:46 bench t=809s h=709281 blk=9120 tx=9908 mgas/s=49.5 cum=57.8 wait=0.0s full=10.0s host_rss=748MB vm_rss=542MB
2026/09/08 21:03:56 bench t=819s h=718015 blk=8734 tx=9431 mgas/s=79.9 cum=58.1 wait=0.0s full=10.0s host_rss=748MB vm_rss=544MB
2026/09/08 21:04:06 bench t=829s h=727991 blk=9976 tx=16848 mgas/s=58.8 cum=58.1 wait=0.0s full=9.8s host_rss=748MB vm_rss=569MB
2026/09/08 21:04:16 bench t=839s h=736015 blk=8024 tx=9972 mgas/s=90.6 cum=58.5 wait=0.0s full=9.9s host_rss=745MB vm_rss=593MB
2026/09/08 21:04:26 bench t=849s h=744822 blk=8807 tx=9649 mgas/s=82.6 cum=58.7 wait=0.0s full=10.1s host_rss=745MB vm_rss=585MB
2026/09/08 21:04:36 bench t=859s h=752788 blk=7966 tx=9191 mgas/s=97.2 cum=59.2 wait=0.0s full=9.7s host_rss=737MB vm_rss=618MB
2026/09/08 21:04:46 bench t=869s h=760875 blk=8087 tx=8788 mgas/s=97.2 cum=59.6 wait=0.0s full=10.0s host_rss=731MB vm_rss=623MB
2026/09/08 21:04:56 bench t=879s h=768997 blk=8122 tx=8631 mgas/s=94.5 cum=60.0 wait=0.0s full=9.8s host_rss=734MB vm_rss=637MB
2026/09/08 21:05:06 bench t=889s h=776969 blk=7972 tx=8596 mgas/s=97.8 cum=60.5 wait=0.0s full=9.9s host_rss=722MB vm_rss=637MB
2026/09/08 21:05:16 bench t=899s h=785972 blk=9003 tx=10587 mgas/s=67.1 cum=60.5 wait=0.0s full=10.0s host_rss=710MB vm_rss=663MB
2026/09/08 21:05:26 bench t=909s h=795563 blk=9591 tx=11379 mgas/s=68.6 cum=60.6 wait=0.0s full=10.0s host_rss=711MB vm_rss=675MB
2026/09/08 21:05:36 bench t=919s h=805513 blk=9950 tx=11473 mgas/s=62.1 cum=60.6 wait=0.0s full=9.8s host_rss=710MB vm_rss=740MB
2026/09/08 21:05:46 bench t=929s h=815000 blk=9487 tx=11386 mgas/s=70.8 cum=60.7 wait=0.0s full=10.1s host_rss=711MB vm_rss=753MB
2026/09/08 21:05:56 bench t=939s h=823184 blk=8184 tx=9709 mgas/s=58.3 cum=60.7 wait=0.0s full=9.8s host_rss=711MB vm_rss=560MB
2026/09/08 21:06:06 bench t=949s h=832529 blk=9345 tx=10832 mgas/s=62.2 cum=60.7 wait=0.0s full=9.7s host_rss=711MB vm_rss=569MB
2026/09/08 21:06:16 bench t=959s h=842156 blk=9627 tx=11372 mgas/s=64.5 cum=60.8 wait=0.0s full=9.9s host_rss=711MB vm_rss=597MB
2026/09/08 21:06:26 bench t=969s h=851204 blk=9048 tx=11251 mgas/s=75.7 cum=60.9 wait=0.0s full=10.1s host_rss=711MB vm_rss=622MB
2026/09/08 21:06:36 bench t=979s h=860721 blk=9517 tx=11457 mgas/s=68.5 cum=61.0 wait=0.0s full=9.8s host_rss=711MB vm_rss=645MB
2026/09/08 21:06:46 bench t=989s h=870694 blk=9973 tx=11203 mgas/s=61.1 cum=61.0 wait=0.0s full=10.0s host_rss=711MB vm_rss=657MB
2026/09/08 21:06:56 bench t=999s h=880229 blk=9535 tx=11133 mgas/s=68.2 cum=61.1 wait=0.0s full=9.8s host_rss=711MB vm_rss=680MB
2026/09/08 21:07:06 bench t=1009s h=890205 blk=9976 tx=10990 mgas/s=54.4 cum=61.0 wait=0.0s full=10.0s host_rss=711MB vm_rss=679MB
2026/09/08 21:07:16 bench t=1019s h=899850 blk=9645 tx=11458 mgas/s=67.8 cum=61.1 wait=0.0s full=10.1s host_rss=711MB vm_rss=738MB
2026/09/08 21:07:26 bench t=1029s h=910096 blk=10246 tx=11408 mgas/s=57.5 cum=61.0 wait=0.0s full=9.9s host_rss=711MB vm_rss=752MB
2026/09/08 21:07:36 bench t=1039s h=920049 blk=9953 tx=21626 mgas/s=61.5 cum=61.0 wait=0.0s full=10.0s host_rss=712MB vm_rss=805MB
2026/09/08 21:07:46 bench t=1049s h=929739 blk=9690 tx=22508 mgas/s=64.8 cum=61.1 wait=0.0s full=9.7s host_rss=712MB vm_rss=812MB
2026/09/08 21:07:56 bench t=1059s h=938703 blk=8964 tx=22928 mgas/s=77.8 cum=61.2 wait=0.0s full=9.8s host_rss=712MB vm_rss=817MB
2026/09/08 21:08:06 bench t=1069s h=946692 blk=7989 tx=18618 mgas/s=54.1 cum=61.2 wait=0.0s full=9.9s host_rss=712MB vm_rss=605MB
2026/09/08 21:08:16 bench t=1079s h=955677 blk=8985 tx=21857 mgas/s=72.7 cum=61.3 wait=0.0s full=9.9s host_rss=712MB vm_rss=631MB
2026/09/08 21:08:26 bench t=1089s h=964527 blk=8850 tx=21854 mgas/s=78.8 cum=61.4 wait=0.0s full=9.9s host_rss=712MB vm_rss=680MB
2026/09/08 21:08:36 bench t=1099s h=973330 blk=8803 tx=20289 mgas/s=78.8 cum=61.6 wait=0.0s full=10.0s host_rss=712MB vm_rss=710MB
2026/09/08 21:08:46 bench t=1109s h=982333 blk=9003 tx=11433 mgas/s=79.0 cum=61.8 wait=0.0s full=9.9s host_rss=712MB vm_rss=702MB
2026/09/08 21:08:56 bench t=1119s h=992069 blk=9736 tx=11141 mgas/s=60.7 cum=61.7 wait=0.0s full=9.9s host_rss=712MB vm_rss=728MB
2026/09/08 21:09:05 bench exit t=1128s h=1000000 blk=1000000 tx=1358991 mgas/s=61.7 cum=61.7 wait=0.0s full=1111.9s host_rss=713MB vm_rss=749MB
2026/09/08 21:09:05 corpus ready height=1000000 host_pid=37560 id=2cubCyPaxmaCgdgSzJkxb7HYYsN2BjZCKSmgy2a577EVcrTFZv vm_pid=37579 rpc=http://127.0.0.1:19900/ext/bc/2tmrrBo1Lgt1mzzvPSFt73kkQKFas5d1AP88tv9cicwoFp8BSn/rpc
2026/09/08 21:09:06 epochdb-host: validator state via https://api.avax.network: failed to decode client response: /ext/P: Unsupported height parameter value provided for platform.getValidatorsAt
[09-08|21:09:06.182] [1;33mWARN[0;0m <2tmrrBo1Lgt1mzzvPSFt73kkQKFas5d1AP88tv9cicwoFp8BSn Chain> p2p/validators.go:113 failed to get current validator set {"error": "getting validator set: rpc error: code = Unknown desc = failed to decode client response: /ext/P: Unsupported height parameter value provided for platform.getValidatorsAt"}
2026/09/08 21:09:07 epochdb-host: validator state via https://api.avax.network: failed to decode client response: /ext/P: Unsupported height parameter value provided for platform.getValidatorsAt
[09-08|21:09:07.192] [1;33mWARN[0;0m <2tmrrBo1Lgt1mzzvPSFt73kkQKFas5d1AP88tv9cicwoFp8BSn Chain> p2p/validators.go:113 failed to get current validator set {"error": "getting validator set: rpc error: code = Unknown desc = failed to decode client response: /ext/P: Unsupported height parameter value provided for platform.getValidatorsAt"}
2026/09/08 21:09:08 epochdb-host: validator state via https://api.avax.network: failed to decode client response: /ext/P: Unsupported height parameter value provided for platform.getValidatorsAt
[09-08|21:09:08.182] [1;33mWARN[0;0m <2tmrrBo1Lgt1mzzvPSFt73kkQKFas5d1AP88tv9cicwoFp8BSn Chain> p2p/validators.go:113 failed to get current validator set {"error": "getting validator set: rpc error: code = Unknown desc = failed to decode client response: /ext/P: Unsupported height parameter value provided for platform.getValidatorsAt"}
2026/09/08 21:09:09 epochdb-host: validator state via https://api.avax.network: failed to decode client response: /ext/P: Unsupported height parameter value provided for platform.getValidatorsAt
[09-08|21:09:09.182] [1;33mWARN[0;0m <2tmrrBo1Lgt1mzzvPSFt73kkQKFas5d1AP88tv9cicwoFp8BSn Chain> p2p/validators.go:113 failed to get current validator set {"error": "getting validator set: rpc error: code = Unknown desc = failed to decode client response: /ext/P: Unsupported height parameter value provided for platform.getValidatorsAt"}
2026/09/08 21:09:10 epochdb-host: validator state via https://api.avax.network: failed to decode client response: /ext/P: Unsupported height parameter value provided for platform.getValidatorsAt
[09-08|21:09:10.306] [1;33mWARN[0;0m <2tmrrBo1Lgt1mzzvPSFt73kkQKFas5d1AP88tv9cicwoFp8BSn Chain> p2p/validators.go:113 failed to get current validator set {"error": "getting validator set: rpc error: code = Unknown desc = failed to decode client response: /ext/P: Unsupported height parameter value provided for platform.getValidatorsAt"}
2026/09/08 21:09:11 epochdb-host: validator state via https://api.avax.network: failed to decode client response: /ext/P: Unsupported height parameter value provided for platform.getValidatorsAt
[09-08|21:09:11.184] [1;33mWARN[0;0m <2tmrrBo1Lgt1mzzvPSFt73kkQKFas5d1AP88tv9cicwoFp8BSn Chain> p2p/validators.go:113 failed to get current validator set {"error": "getting validator set: rpc error: code = Unknown desc = failed to decode client response: /ext/P: Unsupported height parameter value provided for platform.getValidatorsAt"}
2026/09/08 21:09:12 epochdb-host: validator state via https://api.avax.network: failed to decode client response: /ext/P: Unsupported height parameter value provided for platform.getValidatorsAt
[09-08|21:09:12.182] [1;33mWARN[0;0m <2tmrrBo1Lgt1mzzvPSFt73kkQKFas5d1AP88tv9cicwoFp8BSn Chain> p2p/validators.go:113 failed to get current validator set {"error": "getting validator set: rpc error: code = Unknown desc = failed to decode client response: /ext/P: Unsupported height parameter value provided for platform.getValidatorsAt"}
2026/09/08 21:09:13 epochdb-host: validator state via https://api.avax.network: failed to decode client response: /ext/P: Unsupported height parameter value provided for platform.getValidatorsAt
[09-08|21:09:13.193] [1;33mWARN[0;0m <2tmrrBo1Lgt1mzzvPSFt73kkQKFas5d1AP88tv9cicwoFp8BSn Chain> p2p/validators.go:113 failed to get current validator set {"error": "getting validator set: rpc error: code = Unknown desc = failed to decode client response: /ext/P: Unsupported height parameter value provided for platform.getValidatorsAt"}
2026/09/08 21:09:14 epochdb-host: validator state via https://api.avax.network: failed to decode client response: /ext/P: Unsupported height parameter value provided for platform.getValidatorsAt
[09-08|21:09:14.183] [1;33mWARN[0;0m <2tmrrBo1Lgt1mzzvPSFt73kkQKFas5d1AP88tv9cicwoFp8BSn Chain> p2p/validators.go:113 failed to get current validator set {"error": "getting validator set: rpc error: code = Unknown desc = failed to decode client response: /ext/P: Unsupported height parameter value provided for platform.getValidatorsAt"}
2026/09/08 21:09:15 epochdb-host: validator state via https://api.avax.network: failed to decode client response: /ext/P: Unsupported height parameter value provided for platform.getValidatorsAt
[09-08|21:09:15.182] [1;33mWARN[0;0m <2tmrrBo1Lgt1mzzvPSFt73kkQKFas5d1AP88tv9cicwoFp8BSn Chain> p2p/validators.go:113 failed to get current validator set {"error": "getting validator set: rpc error: code = Unknown desc = failed to decode client response: /ext/P: Unsupported height parameter value provided for platform.getValidatorsAt"}
2026/09/08 21:09:16 epochdb-host: validator state via https://api.avax.network: failed to decode client response: /ext/P: Unsupported height parameter value provided for platform.getValidatorsAt
[09-08|21:09:16.310] [1;33mWARN[0;0m <2tmrrBo1Lgt1mzzvPSFt73kkQKFas5d1AP88tv9cicwoFp8BSn Chain> p2p/validators.go:113 failed to get current validator set {"error": "getting validator set: rpc error: code = Unknown desc = failed to decode client response: /ext/P: Unsupported height parameter value provided for platform.getValidatorsAt"}
2026/09/08 21:09:17 epochdb-host: validator state via https://api.avax.network: failed to decode client response: /ext/P: Unsupported height parameter value provided for platform.getValidatorsAt
[09-08|21:09:17.183] [1;33mWARN[0;0m <2tmrrBo1Lgt1mzzvPSFt73kkQKFas5d1AP88tv9cicwoFp8BSn Chain> p2p/validators.go:113 failed to get current validator set {"error": "getting validator set: rpc error: code = Unknown desc = failed to decode client response: /ext/P: Unsupported height parameter value provided for platform.getValidatorsAt"}
2026/09/08 21:09:18 epochdb-host: validator state via https://api.avax.network: failed to decode client response: /ext/P: Unsupported height parameter value provided for platform.getValidatorsAt
[09-08|21:09:18.182] [1;33mWARN[0;0m <2tmrrBo1Lgt1mzzvPSFt73kkQKFas5d1AP88tv9cicwoFp8BSn Chain> p2p/validators.go:113 failed to get current validator set {"error": "getting validator set: rpc error: code = Unknown desc = failed to decode client response: /ext/P: Unsupported height parameter value provided for platform.getValidatorsAt"}
2026/09/08 21:09:19 epochdb-host: validator state via https://api.avax.network: failed to decode client response: /ext/P: Unsupported height parameter value provided for platform.getValidatorsAt
[09-08|21:09:19.192] [1;33mWARN[0;0m <2tmrrBo1Lgt1mzzvPSFt73kkQKFas5d1AP88tv9cicwoFp8BSn Chain> p2p/validators.go:113 failed to get current validator set {"error": "getting validator set: rpc error: code = Unknown desc = failed to decode client response: /ext/P: Unsupported height parameter value provided for platform.getValidatorsAt"}
2026/09/08 21:09:20 epochdb-host: validator state via https://api.avax.network: failed to decode client response: /ext/P: Unsupported height parameter value provided for platform.getValidatorsAt
[09-08|21:09:20.184] [1;33mWARN[0;0m <2tmrrBo1Lgt1mzzvPSFt73kkQKFas5d1AP88tv9cicwoFp8BSn Chain> p2p/validators.go:113 failed to get current validator set {"error": "getting validator set: rpc error: code = Unknown desc = failed to decode client response: /ext/P: Unsupported height parameter value provided for platform.getValidatorsAt"}
2026/09/08 21:09:21 epochdb-host: validator state via https://api.avax.network: failed to decode client response: /ext/P: Unsupported height parameter value provided for platform.getValidatorsAt
[09-08|21:09:21.183] [1;33mWARN[0;0m <2tmrrBo1Lgt1mzzvPSFt73kkQKFas5d1AP88tv9cicwoFp8BSn Chain> p2p/validators.go:113 failed to get current validator set {"error": "getting validator set: rpc error: code = Unknown desc = failed to decode client response: /ext/P: Unsupported height parameter value provided for platform.getValidatorsAt"}
2026/09/08 21:09:22 epochdb-host: validator state via https://api.avax.network: failed to decode client response: /ext/P: Unsupported height parameter value provided for platform.getValidatorsAt
[09-08|21:09:22.309] [1;33mWARN[0;0m <2tmrrBo1Lgt1mzzvPSFt73kkQKFas5d1AP88tv9cicwoFp8BSn Chain> p2p/validators.go:113 failed to get current validator set {"error": "getting validator set: rpc error: code = Unknown desc = failed to decode client response: /ext/P: Unsupported height parameter value provided for platform.getValidatorsAt"}
2026/09/08 21:09:23 epochdb-host: validator state via https://api.avax.network: failed to decode client response: /ext/P: Unsupported height parameter value provided for platform.getValidatorsAt
[09-08|21:09:23.181] [1;33mWARN[0;0m <2tmrrBo1Lgt1mzzvPSFt73kkQKFas5d1AP88tv9cicwoFp8BSn Chain> p2p/validators.go:113 failed to get current validator set {"error": "getting validator set: rpc error: code = Unknown desc = failed to decode client response: /ext/P: Unsupported height parameter value provided for platform.getValidatorsAt"}
2026/09/08 21:09:24 epochdb-host: validator state via https://api.avax.network: failed to decode client response: /ext/P: Unsupported height parameter value provided for platform.getValidatorsAt
[09-08|21:09:24.182] [1;33mWARN[0;0m <2tmrrBo1Lgt1mzzvPSFt73kkQKFas5d1AP88tv9cicwoFp8BSn Chain> p2p/validators.go:113 failed to get current validator set {"error": "getting validator set: rpc error: code = Unknown desc = failed to decode client response: /ext/P: Unsupported height parameter value provided for platform.getValidatorsAt"}
2026/09/08 21:09:25 epochdb-host: validator state via https://api.avax.network: failed to decode client response: /ext/P: Unsupported height parameter value provided for platform.getValidatorsAt
[09-08|21:09:25.193] [1;33mWARN[0;0m <2tmrrBo1Lgt1mzzvPSFt73kkQKFas5d1AP88tv9cicwoFp8BSn Chain> p2p/validators.go:113 failed to get current validator set {"error": "getting validator set: rpc error: code = Unknown desc = failed to decode client response: /ext/P: Unsupported height parameter value provided for platform.getValidatorsAt"}
2026/09/08 21:09:26 epochdb-host: validator state via https://api.avax.network: failed to decode client response: /ext/P: Unsupported height parameter value provided for platform.getValidatorsAt
[09-08|21:09:26.181] [1;33mWARN[0;0m <2tmrrBo1Lgt1mzzvPSFt73kkQKFas5d1AP88tv9cicwoFp8BSn Chain> p2p/validators.go:113 failed to get current validator set {"error": "getting validator set: rpc error: code = Unknown desc = failed to decode client response: /ext/P: Unsupported height parameter value provided for platform.getValidatorsAt"}
2026/09/08 21:09:27 epochdb-host: validator state via https://api.avax.network: failed to decode client response: /ext/P: Unsupported height parameter value provided for platform.getValidatorsAt
[09-08|21:09:27.182] [1;33mWARN[0;0m <2tmrrBo1Lgt1mzzvPSFt73kkQKFas5d1AP88tv9cicwoFp8BSn Chain> p2p/validators.go:113 failed to get current validator set {"error": "getting validator set: rpc error: code = Unknown desc = failed to decode client response: /ext/P: Unsupported height parameter value provided for platform.getValidatorsAt"}
2026/09/08 21:09:28 epochdb-host: validator state via https://api.avax.network: failed to decode client response: /ext/P: Unsupported height parameter value provided for platform.getValidatorsAt
[09-08|21:09:28.311] [1;33mWARN[0;0m <2tmrrBo1Lgt1mzzvPSFt73kkQKFas5d1AP88tv9cicwoFp8BSn Chain> p2p/validators.go:113 failed to get current validator set {"error": "getting validator set: rpc error: code = Unknown desc = failed to decode client response: /ext/P: Unsupported height parameter value provided for platform.getValidatorsAt"}
2026/09/08 21:09:29 epochdb-host: validator state via https://api.avax.network: failed to decode client response: /ext/P: Unsupported height parameter value provided for platform.getValidatorsAt
[09-08|21:09:29.183] [1;33mWARN[0;0m <2tmrrBo1Lgt1mzzvPSFt73kkQKFas5d1AP88tv9cicwoFp8BSn Chain> p2p/validators.go:113 failed to get current validator set {"error": "getting validator set: rpc error: code = Unknown desc = failed to decode client response: /ext/P: Unsupported height parameter value provided for platform.getValidatorsAt"}
2026/09/08 21:09:30 epochdb-host: validator state via https://api.avax.network: failed to decode client response: /ext/P: Unsupported height parameter value provided for platform.getValidatorsAt
[09-08|21:09:30.182] [1;33mWARN[0;0m <2tmrrBo1Lgt1mzzvPSFt73kkQKFas5d1AP88tv9cicwoFp8BSn Chain> p2p/validators.go:113 failed to get current validator set {"error": "getting validator set: rpc error: code = Unknown desc = failed to decode client response: /ext/P: Unsupported height parameter value provided for platform.getValidatorsAt"}
2026/09/08 21:09:31 epochdb-host: validator state via https://api.avax.network: failed to decode client response: /ext/P: Unsupported height parameter value provided for platform.getValidatorsAt
[09-08|21:09:31.193] [1;33mWARN[0;0m <2tmrrBo1Lgt1mzzvPSFt73kkQKFas5d1AP88tv9cicwoFp8BSn Chain> p2p/validators.go:113 failed to get current validator set {"error": "getting validator set: rpc error: code = Unknown desc = failed to decode client response: /ext/P: Unsupported height parameter value provided for platform.getValidatorsAt"}
2026/09/08 21:09:32 epochdb-host: validator state via https://api.avax.network: failed to decode client response: /ext/P: Unsupported height parameter value provided for platform.getValidatorsAt
[09-08|21:09:32.183] [1;33mWARN[0;0m <2tmrrBo1Lgt1mzzvPSFt73kkQKFas5d1AP88tv9cicwoFp8BSn Chain> p2p/validators.go:113 failed to get current validator set {"error": "getting validator set: rpc error: code = Unknown desc = failed to decode client response: /ext/P: Unsupported height parameter value provided for platform.getValidatorsAt"}
2026/09/08 21:09:33 epochdb-host: validator state via https://api.avax.network: failed to decode client response: /ext/P: Unsupported height parameter value provided for platform.getValidatorsAt
[09-08|21:09:33.182] [1;33mWARN[0;0m <2tmrrBo1Lgt1mzzvPSFt73kkQKFas5d1AP88tv9cicwoFp8BSn Chain> p2p/validators.go:113 failed to get current validator set {"error": "getting validator set: rpc error: code = Unknown desc = failed to decode client response: /ext/P: Unsupported height parameter value provided for platform.getValidatorsAt"}
2026/09/08 21:09:34 epochdb-host: validator state via https://api.avax.network: failed to decode client response: /ext/P: Unsupported height parameter value provided for platform.getValidatorsAt
[09-08|21:09:34.306] [1;33mWARN[0;0m <2tmrrBo1Lgt1mzzvPSFt73kkQKFas5d1AP88tv9cicwoFp8BSn Chain> p2p/validators.go:113 failed to get current validator set {"error": "getting validator set: rpc error: code = Unknown desc = failed to decode client response: /ext/P: Unsupported height parameter value provided for platform.getValidatorsAt"}
2026/09/08 21:09:35 epochdb-host: validator state via https://api.avax.network: failed to decode client response: /ext/P: Unsupported height parameter value provided for platform.getValidatorsAt
[09-08|21:09:35.182] [1;33mWARN[0;0m <2tmrrBo1Lgt1mzzvPSFt73kkQKFas5d1AP88tv9cicwoFp8BSn Chain> p2p/validators.go:113 failed to get current validator set {"error": "getting validator set: rpc error: code = Unknown desc = failed to decode client response: /ext/P: Unsupported height parameter value provided for platform.getValidatorsAt"}
2026/09/08 21:09:36 epochdb-host: validator state via https://api.avax.network: failed to decode client response: /ext/P: Unsupported height parameter value provided for platform.getValidatorsAt
[09-08|21:09:36.183] [1;33mWARN[0;0m <2tmrrBo1Lgt1mzzvPSFt73kkQKFas5d1AP88tv9cicwoFp8BSn Chain> p2p/validators.go:113 failed to get current validator set {"error": "getting validator set: rpc error: code = Unknown desc = failed to decode client response: /ext/P: Unsupported height parameter value provided for platform.getValidatorsAt"}
2026/09/08 21:09:37 epochdb-host: validator state via https://api.avax.network: failed to decode client response: /ext/P: Unsupported height parameter value provided for platform.getValidatorsAt
[09-08|21:09:37.194] [1;33mWARN[0;0m <2tmrrBo1Lgt1mzzvPSFt73kkQKFas5d1AP88tv9cicwoFp8BSn Chain> p2p/validators.go:113 failed to get current validator set {"error": "getting validator set: rpc error: code = Unknown desc = failed to decode client response: /ext/P: Unsupported height parameter value provided for platform.getValidatorsAt"}
2026/09/08 21:09:38 epochdb-host: validator state via https://api.avax.network: failed to decode client response: /ext/P: Unsupported height parameter value provided for platform.getValidatorsAt
[09-08|21:09:38.182] [1;33mWARN[0;0m <2tmrrBo1Lgt1mzzvPSFt73kkQKFas5d1AP88tv9cicwoFp8BSn Chain> p2p/validators.go:113 failed to get current validator set {"error": "getting validator set: rpc error: code = Unknown desc = failed to decode client response: /ext/P: Unsupported height parameter value provided for platform.getValidatorsAt"}
2026/09/08 21:09:39 epochdb-host: validator state via https://api.avax.network: failed to decode client response: /ext/P: Unsupported height parameter value provided for platform.getValidatorsAt
[09-08|21:09:39.185] [1;33mWARN[0;0m <2tmrrBo1Lgt1mzzvPSFt73kkQKFas5d1AP88tv9cicwoFp8BSn Chain> p2p/validators.go:113 failed to get current validator set {"error": "getting validator set: rpc error: code = Unknown desc = failed to decode client response: /ext/P: Unsupported height parameter value provided for platform.getValidatorsAt"}
2026/09/08 21:09:40 epochdb-host: validator state via https://api.avax.network: failed to decode client response: /ext/P: Unsupported height parameter value provided for platform.getValidatorsAt
[09-08|21:09:40.310] [1;33mWARN[0;0m <2tmrrBo1Lgt1mzzvPSFt73kkQKFas5d1AP88tv9cicwoFp8BSn Chain> p2p/validators.go:113 failed to get current validator set {"error": "getting validator set: rpc error: code = Unknown desc = failed to decode client response: /ext/P: Unsupported height parameter value provided for platform.getValidatorsAt"}
2026/09/08 21:09:41 epochdb-host: validator state via https://api.avax.network: failed to decode client response: /ext/P: Unsupported height parameter value provided for platform.getValidatorsAt
[09-08|21:09:41.183] [1;33mWARN[0;0m <2tmrrBo1Lgt1mzzvPSFt73kkQKFas5d1AP88tv9cicwoFp8BSn Chain> p2p/validators.go:113 failed to get current validator set {"error": "getting validator set: rpc error: code = Unknown desc = failed to decode client response: /ext/P: Unsupported height parameter value provided for platform.getValidatorsAt"}
2026/09/08 21:09:42 epochdb-host: validator state via https://api.avax.network: failed to decode client response: /ext/P: Unsupported height parameter value provided for platform.getValidatorsAt
[09-08|21:09:42.182] [1;33mWARN[0;0m <2tmrrBo1Lgt1mzzvPSFt73kkQKFas5d1AP88tv9cicwoFp8BSn Chain> p2p/validators.go:113 failed to get current validator set {"error": "getting validator set: rpc error: code = Unknown desc = failed to decode client response: /ext/P: Unsupported height parameter value provided for platform.getValidatorsAt"}
2026/09/08 21:09:43 epochdb-host: validator state via https://api.avax.network: failed to decode client response: /ext/P: Unsupported height parameter value provided for platform.getValidatorsAt
[09-08|21:09:43.195] [1;33mWARN[0;0m <2tmrrBo1Lgt1mzzvPSFt73kkQKFas5d1AP88tv9cicwoFp8BSn Chain> p2p/validators.go:113 failed to get current validator set {"error": "getting validator set: rpc error: code = Unknown desc = failed to decode client response: /ext/P: Unsupported height parameter value provided for platform.getValidatorsAt"}
2026/09/08 21:09:44 epochdb-host: validator state via https://api.avax.network: failed to decode client response: /ext/P: Unsupported height parameter value provided for platform.getValidatorsAt
[09-08|21:09:44.183] [1;33mWARN[0;0m <2tmrrBo1Lgt1mzzvPSFt73kkQKFas5d1AP88tv9cicwoFp8BSn Chain> p2p/validators.go:113 failed to get current validator set {"error": "getting validator set: rpc error: code = Unknown desc = failed to decode client response: /ext/P: Unsupported height parameter value provided for platform.getValidatorsAt"}
2026/09/08 21:09:45 epochdb-host: validator state via https://api.avax.network: failed to decode client response: /ext/P: Unsupported height parameter value provided for platform.getValidatorsAt
[09-08|21:09:45.182] [1;33mWARN[0;0m <2tmrrBo1Lgt1mzzvPSFt73kkQKFas5d1AP88tv9cicwoFp8BSn Chain> p2p/validators.go:113 failed to get current validator set {"error": "getting validator set: rpc error: code = Unknown desc = failed to decode client response: /ext/P: Unsupported height parameter value provided for platform.getValidatorsAt"}
