[09-08|20:28:33.618] INFO host subprocess/runtime.go:143 plugin handshake succeeded {"addr": "127.0.0.1:33277"}
[09-08|20:28:33.618] INFO host pebbledb/db.go:90 opening pebble {"config": {"cacheSize":536870912,"bytesPerSync":524288,"walBytesPerSync":0,"memTableStopWritesThreshold":8,"memTableSize":134217728,"maxOpenFiles":4096,"maxConcurrentCompactions":1,"sync":true}}
[09-08|20:28:33.620] INFO host rpcchainvm/vm_client.go:166 grpc: serving database {"address": "127.0.0.1:33155"}
[09-08|20:28:33.620] INFO host rpcchainvm/vm_client.go:183 grpc: serving vm services {"address": "127.0.0.1:41965"}
[09-08|20:28:33.622] INFO <2tmrrBo1Lgt1mzzvPSFt73kkQKFas5d1AP88tv9cicwoFp8BSn Chain> /tmp/epochdb-subnet-source-finalise/mod/github.com/ava-labs/avalanchego/graft/subnet-evm@v1.14.3-0.20260804141953-6dc4c3b395b6/plugin/evm/vm.go:309 Initializing Subnet EVM VM               Version=v1.14.2 "libevm version"=1.13.14-0.4.0.beta Config="{AirdropFile: MinDelayTarget:<nil> ValidatorsAPIEnabled:true AdminAPIEnabled:false AdminAPIDir: WarpAPIEnabled:false EnabledEthAPIs:[eth eth-filter net web3 internal-eth internal-blockchain internal-transaction] ContinuousProfilerDir: ContinuousProfilerFrequency:15m0s ContinuousProfilerMaxFiles:5 RPCGasCap:50000000 RPCTxFeeCap:100 TrieCleanCache:512 TrieDirtyCache:512 TrieDirtyCommitTarget:20 TriePrefetcherParallelism:16 SnapshotCache:0 Preimages:false SnapshotWait:false SnapshotVerify:false Pruning:true AcceptorQueueLimit:64 CommitInterval:31 AllowMissingTries:false PopulateMissingTries:<nil> PopulateMissingTriesParallelism:1024 PruneWarpDB:false HistoricalProofQueryWindow:43200 MetricsExpensiveEnabled:true LocalTxsEnabled:false TxPoolPriceLimit:1 TxPoolPriceBump:10 TxPoolAccountSlots:16 TxPoolGlobalSlots:5120 TxPoolAccountQueue:64 TxPoolGlobalQueue:1024 TxPoolLifetime:10m0s APIMaxDuration:0s WSCPURefillRate:0s WSCPUMaxStored:0s MaxBlocksPerRequest:0 AllowUnfinalizedQueries:false AllowUnprotectedTxs:false AllowUnprotectedTxHashes:[0xfefb2da535e927b85fe68eb81cb2e4a5827c905f78381a01ef2322aa9b0aee8e] KeystoreDirectory: KeystoreExternalSigner: KeystoreInsecureUnlockAllowed:false PushGossipPercentStake:0.9 PushGossipNumValidators:100 PushGossipNumPeers:0 PushRegossipNumValidators:10 PushRegossipNumPeers:0 PushGossipFrequency:100ms PullGossipFrequency:1s RegossipFrequency:30s PriorityRegossipAddresses:[] LogLevel:info LogJSONFormat:false FeeRecipient: OfflinePruning:false OfflinePruningBloomFilterSize:512 OfflinePruningDataDirectory: MaxOutboundActiveRequests:16 StateSyncEnabled:false StateSyncSkipResume:false StateSyncServerTrieCache:64 StateSyncIDs: StateSyncCommitInterval:16384 StateSyncMinBlocks:300000 StateSyncRequestSize:1024 InspectDatabase:false SkipUpgradeCheck:false AcceptedCacheSize:32 TransactionHistory:0 StateHistory:32 SkipTxIndexing:false WarpOffChainMessages:[] HTTPBodyLimit:0 BatchRequestLimit:1000 BatchResponseMaxSize:25000000 UseStandaloneDatabase:true DatabaseConfigContent:eyJzeW5jIjp0cnVlfQ== DatabaseConfigFile: DatabaseType:pebbledb DatabasePath: DatabaseReadOnly:false StateScheme:firewood}"
[09-08|20:28:33.622] INFO <2tmrrBo1Lgt1mzzvPSFt73kkQKFas5d1AP88tv9cicwoFp8BSn Chain> /tmp/epochdb-subnet-source-finalise/mod/github.com/ava-labs/avalanchego/graft/subnet-evm@v1.14.3-0.20260804141953-6dc4c3b395b6/plugin/evm/vm_database.go:72 Using standalone database for the chain state DatabaseConfig="{ReadOnly:false Path:/data/bench/firewood/chainData/db Name:pebbledb Config:[123 34 115 121 110 99 34 58 116 114 117 101 125]}"
[09-08|20:28:33.622] [0;0mINFO[0;0m <2tmrrBo1Lgt1mzzvPSFt73kkQKFas5d1AP88tv9cicwoFp8BSn Chain> pebbledb/db.go:90 opening pebble {"config": {"cacheSize":536870912,"bytesPerSync":524288,"walBytesPerSync":0,"memTableStopWritesThreshold":8,"memTableSize":134217728,"maxOpenFiles":4096,"maxConcurrentCompactions":1,"sync":true}}
[09-08|20:28:33.624] INFO <2tmrrBo1Lgt1mzzvPSFt73kkQKFas5d1AP88tv9cicwoFp8BSn Chain> /tmp/epochdb-subnet-source-finalise/mod/github.com/ava-labs/avalanchego/graft/subnet-evm@v1.14.3-0.20260804141953-6dc4c3b395b6/core/state_processor_ext.go:56 Activating new precompile                name=contractDeployerAllowListConfig config="{\"adminAddresses\":[\"0x277280e8337e64a3a8e8b795d4e8e5e00bf6e203\",\"0x5e6892eb367d35344fab7321b974ea3e5317eac4\",\"0x070a6fb7db4e0e3ebb41a6d09383119fec5f7ceb\",\"0x172fffc69ed471b7ff2465ae97504985f7071593\",\"0x1cd22e79976cb97fb65ccbada316ebd46881fa12\",\"0xbca66eaf37b4c08b49d41e682e701e153f17e1d6\"],\"enabledAddresses\":[\"0xc5d3bac272a464d1bbc0d28934aa36d1c66c13fe\",\"0x20b1e4c488ee32f1d91868a6d763736f58efc7bf\",\"0x9f403140bc0574d7d36ea472b82daa1bbd4ef327\",\"0x9180c04ce75b762f9973c7aeb5a86c1642477738\"],\"blockTimestamp\":0}"
[09-08|20:28:33.624] INFO <2tmrrBo1Lgt1mzzvPSFt73kkQKFas5d1AP88tv9cicwoFp8BSn Chain> /tmp/epochdb-subnet-source-finalise/mod/github.com/ava-labs/avalanchego/graft/subnet-evm@v1.14.3-0.20260804141953-6dc4c3b395b6/core/state_processor_ext.go:56 Activating new precompile                name=feeManagerConfig                config="{\"adminAddresses\":[\"0x277280e8337e64a3a8e8b795d4e8e5e00bf6e203\",\"0x5e6892eb367d35344fab7321b974ea3e5317eac4\",\"0x070a6fb7db4e0e3ebb41a6d09383119fec5f7ceb\",\"0x172fffc69ed471b7ff2465ae97504985f7071593\",\"0x1cd22e79976cb97fb65ccbada316ebd46881fa12\",\"0xc5d3bac272a464d1bbc0d28934aa36d1c66c13fe\",\"0xbca66eaf37b4c08b49d41e682e701e153f17e1d6\"],\"blockTimestamp\":0}"
[09-08|20:28:33.624] INFO <2tmrrBo1Lgt1mzzvPSFt73kkQKFas5d1AP88tv9cicwoFp8BSn Chain> /tmp/epochdb-subnet-source-finalise/mod/github.com/ava-labs/avalanchego/graft/subnet-evm@v1.14.3-0.20260804141953-6dc4c3b395b6/core/state_processor_ext.go:56 Activating new precompile                name=rewardManagerConfig             config="{\"adminAddresses\":[\"0x277280e8337e64a3a8e8b795d4e8e5e00bf6e203\",\"0x5e6892eb367d35344fab7321b974ea3e5317eac4\",\"0x070a6fb7db4e0e3ebb41a6d09383119fec5f7ceb\",\"0x172fffc69ed471b7ff2465ae97504985f7071593\",\"0x1cd22e79976cb97fb65ccbada316ebd46881fa12\",\"0xc5d3bac272a464d1bbc0d28934aa36d1c66c13fe\",\"0xbca66eaf37b4c08b49d41e682e701e153f17e1d6\"],\"blockTimestamp\":0,\"initialRewardConfig\":{\"allowFeeRecipients\":true,\"rewardAddress\":\"0x0000000000000000000000000000000000000000\"}}"
[09-08|20:28:33.625] INFO <2tmrrBo1Lgt1mzzvPSFt73kkQKFas5d1AP88tv9cicwoFp8BSn Chain> /tmp/epochdb-subnet-source-finalise/mod/github.com/containerman17/libevm@v1.13.15-0.20260817022927-4c8a6553b55f/triedb/hashdb/database.go:448 Persisted trie from memory database      nodes=53 size=6.10KiB time="44.408µs" gcnodes=0 gcsize=0.00B gctime=0s livenodes=0 livesize=0.00B
[09-08|20:28:33.625] INFO <2tmrrBo1Lgt1mzzvPSFt73kkQKFas5d1AP88tv9cicwoFp8BSn Chain> /tmp/epochdb-subnet-source-finalise/mod/github.com/ava-labs/avalanchego/graft/subnet-evm@v1.14.3-0.20260804141953-6dc4c3b395b6/plugin/evm/vm.go:356 read last accepted                       hash=bbf116..e65f3d height=0
[09-08|20:28:33.625] WARN <2tmrrBo1Lgt1mzzvPSFt73kkQKFas5d1AP88tv9cicwoFp8BSn Chain> /tmp/epochdb-subnet-source-finalise/mod/github.com/ava-labs/avalanchego/graft/subnet-evm@v1.14.3-0.20260804141953-6dc4c3b395b6/plugin/evm/vm.go:410 Firewood state scheme is enabled
[09-08|20:28:33.625] WARN <2tmrrBo1Lgt1mzzvPSFt73kkQKFas5d1AP88tv9cicwoFp8BSn Chain> /tmp/epochdb-subnet-source-finalise/mod/github.com/ava-labs/avalanchego/graft/subnet-evm@v1.14.3-0.20260804141953-6dc4c3b395b6/plugin/evm/vm.go:411 This is untested in production, use at your own risk
[09-08|20:28:33.625] INFO <2tmrrBo1Lgt1mzzvPSFt73kkQKFas5d1AP88tv9cicwoFp8BSn Chain> /tmp/epochdb-subnet-source-finalise/mod/github.com/ava-labs/avalanchego/graft/subnet-evm@v1.14.3-0.20260804141953-6dc4c3b395b6/plugin/evm/vm.go:442 Config has not specified any coinbase address. Defaulting to the blackhole address.
[09-08|20:28:33.625] INFO <2tmrrBo1Lgt1mzzvPSFt73kkQKFas5d1AP88tv9cicwoFp8BSn Chain> /tmp/epochdb-subnet-source-finalise/mod/github.com/ava-labs/avalanchego/graft/subnet-evm@v1.14.3-0.20260804141953-6dc4c3b395b6/eth/backend.go:150 Allocated memory caches                  "trie clean"=512.00MiB "trie dirty"=512.00MiB "snapshot clean"=0.00B
[09-08|20:28:33.625] INFO <2tmrrBo1Lgt1mzzvPSFt73kkQKFas5d1AP88tv9cicwoFp8BSn Chain> /tmp/epochdb-subnet-source-finalise/mod/github.com/ava-labs/avalanchego/graft/subnet-evm@v1.14.3-0.20260804141953-6dc4c3b395b6/eth/backend.go:198 Initialising Ethereum protocol           network=4337 dbversion=<nil>
[09-08|20:28:33.625] WARN <2tmrrBo1Lgt1mzzvPSFt73kkQKFas5d1AP88tv9cicwoFp8BSn Chain> /tmp/epochdb-subnet-source-finalise/mod/github.com/ava-labs/avalanchego/graft/subnet-evm@v1.14.3-0.20260804141953-6dc4c3b395b6/eth/backend.go:204 Upgrade blockchain database version      from=<nil> to=8
[09-08|20:28:33.626] INFO <2tmrrBo1Lgt1mzzvPSFt73kkQKFas5d1AP88tv9cicwoFp8BSn Chain> /tmp/epochdb-subnet-source-finalise/mod/github.com/ava-labs/avalanchego/graft/subnet-evm@v1.14.3-0.20260804141953-6dc4c3b395b6/core/genesis.go:155 Writing genesis to database
[09-08|20:28:33.626] INFO <2tmrrBo1Lgt1mzzvPSFt73kkQKFas5d1AP88tv9cicwoFp8BSn Chain> /tmp/epochdb-subnet-source-finalise/mod/github.com/ava-labs/avalanchego/graft/subnet-evm@v1.14.3-0.20260804141953-6dc4c3b395b6/core/state_processor_ext.go:56 Activating new precompile                name=contractDeployerAllowListConfig config="{\"adminAddresses\":[\"0x277280e8337e64a3a8e8b795d4e8e5e00bf6e203\",\"0x5e6892eb367d35344fab7321b974ea3e5317eac4\",\"0x070a6fb7db4e0e3ebb41a6d09383119fec5f7ceb\",\"0x172fffc69ed471b7ff2465ae97504985f7071593\",\"0x1cd22e79976cb97fb65ccbada316ebd46881fa12\",\"0xbca66eaf37b4c08b49d41e682e701e153f17e1d6\"],\"enabledAddresses\":[\"0xc5d3bac272a464d1bbc0d28934aa36d1c66c13fe\",\"0x20b1e4c488ee32f1d91868a6d763736f58efc7bf\",\"0x9f403140bc0574d7d36ea472b82daa1bbd4ef327\",\"0x9180c04ce75b762f9973c7aeb5a86c1642477738\"],\"blockTimestamp\":0}"
[09-08|20:28:33.626] INFO <2tmrrBo1Lgt1mzzvPSFt73kkQKFas5d1AP88tv9cicwoFp8BSn Chain> /tmp/epochdb-subnet-source-finalise/mod/github.com/ava-labs/avalanchego/graft/subnet-evm@v1.14.3-0.20260804141953-6dc4c3b395b6/core/state_processor_ext.go:56 Activating new precompile                name=feeManagerConfig                config="{\"adminAddresses\":[\"0x277280e8337e64a3a8e8b795d4e8e5e00bf6e203\",\"0x5e6892eb367d35344fab7321b974ea3e5317eac4\",\"0x070a6fb7db4e0e3ebb41a6d09383119fec5f7ceb\",\"0x172fffc69ed471b7ff2465ae97504985f7071593\",\"0x1cd22e79976cb97fb65ccbada316ebd46881fa12\",\"0xc5d3bac272a464d1bbc0d28934aa36d1c66c13fe\",\"0xbca66eaf37b4c08b49d41e682e701e153f17e1d6\"],\"blockTimestamp\":0}"
[09-08|20:28:33.626] INFO <2tmrrBo1Lgt1mzzvPSFt73kkQKFas5d1AP88tv9cicwoFp8BSn Chain> /tmp/epochdb-subnet-source-finalise/mod/github.com/ava-labs/avalanchego/graft/subnet-evm@v1.14.3-0.20260804141953-6dc4c3b395b6/core/state_processor_ext.go:56 Activating new precompile                name=rewardManagerConfig             config="{\"adminAddresses\":[\"0x277280e8337e64a3a8e8b795d4e8e5e00bf6e203\",\"0x5e6892eb367d35344fab7321b974ea3e5317eac4\",\"0x070a6fb7db4e0e3ebb41a6d09383119fec5f7ceb\",\"0x172fffc69ed471b7ff2465ae97504985f7071593\",\"0x1cd22e79976cb97fb65ccbada316ebd46881fa12\",\"0xc5d3bac272a464d1bbc0d28934aa36d1c66c13fe\",\"0xbca66eaf37b4c08b49d41e682e701e153f17e1d6\"],\"blockTimestamp\":0,\"initialRewardConfig\":{\"allowFeeRecipients\":true,\"rewardAddress\":\"0x0000000000000000000000000000000000000000\"}}"
[09-08|20:28:33.628] INFO <2tmrrBo1Lgt1mzzvPSFt73kkQKFas5d1AP88tv9cicwoFp8BSn Chain> /tmp/epochdb-subnet-source-finalise/mod/github.com/ava-labs/avalanchego/graft/evm@v1.14.3-0.20260804141953-6dc4c3b395b6/firewood/triedb.go:424 Persisted proposal to firewood database  root=e3f873..83bb60
[09-08|20:28:33.628] INFO <2tmrrBo1Lgt1mzzvPSFt73kkQKFas5d1AP88tv9cicwoFp8BSn Chain> /tmp/epochdb-subnet-source-finalise/mod/github.com/ava-labs/avalanchego/graft/subnet-evm@v1.14.3-0.20260804141953-6dc4c3b395b6/core/blockchain.go:430 
[09-08|20:28:33.628] INFO <2tmrrBo1Lgt1mzzvPSFt73kkQKFas5d1AP88tv9cicwoFp8BSn Chain> /tmp/epochdb-subnet-source-finalise/mod/github.com/ava-labs/avalanchego/graft/subnet-evm@v1.14.3-0.20260804141953-6dc4c3b395b6/core/blockchain.go:431 ---------------------------------------------------------------------------------------------------------------------------------------------------------
[09-08|20:28:33.628] INFO <2tmrrBo1Lgt1mzzvPSFt73kkQKFas5d1AP88tv9cicwoFp8BSn Chain> /tmp/epochdb-subnet-source-finalise/mod/github.com/ava-labs/avalanchego/graft/subnet-evm@v1.14.3-0.20260804141953-6dc4c3b395b6/core/blockchain.go:433 Chain ID:  4337 (unknown)
[09-08|20:28:33.628] INFO <2tmrrBo1Lgt1mzzvPSFt73kkQKFas5d1AP88tv9cicwoFp8BSn Chain> /tmp/epochdb-subnet-source-finalise/mod/github.com/ava-labs/avalanchego/graft/subnet-evm@v1.14.3-0.20260804141953-6dc4c3b395b6/core/blockchain.go:433 Consensus: unknown
[09-08|20:28:33.628] INFO <2tmrrBo1Lgt1mzzvPSFt73kkQKFas5d1AP88tv9cicwoFp8BSn Chain> /tmp/epochdb-subnet-source-finalise/mod/github.com/ava-labs/avalanchego/graft/subnet-evm@v1.14.3-0.20260804141953-6dc4c3b395b6/core/blockchain.go:433 
[09-08|20:28:33.628] INFO <2tmrrBo1Lgt1mzzvPSFt73kkQKFas5d1AP88tv9cicwoFp8BSn Chain> /tmp/epochdb-subnet-source-finalise/mod/github.com/ava-labs/avalanchego/graft/subnet-evm@v1.14.3-0.20260804141953-6dc4c3b395b6/core/blockchain.go:433 Pre-Merge hard forks (block based):
[09-08|20:28:33.628] INFO <2tmrrBo1Lgt1mzzvPSFt73kkQKFas5d1AP88tv9cicwoFp8BSn Chain> /tmp/epochdb-subnet-source-finalise/mod/github.com/ava-labs/avalanchego/graft/subnet-evm@v1.14.3-0.20260804141953-6dc4c3b395b6/core/blockchain.go:433  - Homestead:                   #0        (https://github.com/ethereum/execution-specs/blob/master/network-upgrades/mainnet-upgrades/homestead.md)
[09-08|20:28:33.628] INFO <2tmrrBo1Lgt1mzzvPSFt73kkQKFas5d1AP88tv9cicwoFp8BSn Chain> /tmp/epochdb-subnet-source-finalise/mod/github.com/ava-labs/avalanchego/graft/subnet-evm@v1.14.3-0.20260804141953-6dc4c3b395b6/core/blockchain.go:433  - Tangerine Whistle (EIP 150): #0        (https://github.com/ethereum/execution-specs/blob/master/network-upgrades/mainnet-upgrades/tangerine-whistle.md)
[09-08|20:28:33.628] INFO <2tmrrBo1Lgt1mzzvPSFt73kkQKFas5d1AP88tv9cicwoFp8BSn Chain> /tmp/epochdb-subnet-source-finalise/mod/github.com/ava-labs/avalanchego/graft/subnet-evm@v1.14.3-0.20260804141953-6dc4c3b395b6/core/blockchain.go:433  - Spurious Dragon/1 (EIP 155): #0        (https://github.com/ethereum/execution-specs/blob/master/network-upgrades/mainnet-upgrades/spurious-dragon.md)
[09-08|20:28:33.628] INFO <2tmrrBo1Lgt1mzzvPSFt73kkQKFas5d1AP88tv9cicwoFp8BSn Chain> /tmp/epochdb-subnet-source-finalise/mod/github.com/ava-labs/avalanchego/graft/subnet-evm@v1.14.3-0.20260804141953-6dc4c3b395b6/core/blockchain.go:433  - Spurious Dragon/2 (EIP 158): #0        (https://github.com/ethereum/execution-specs/blob/master/network-upgrades/mainnet-upgrades/spurious-dragon.md)
[09-08|20:28:33.628] INFO <2tmrrBo1Lgt1mzzvPSFt73kkQKFas5d1AP88tv9cicwoFp8BSn Chain> /tmp/epochdb-subnet-source-finalise/mod/github.com/ava-labs/avalanchego/graft/subnet-evm@v1.14.3-0.20260804141953-6dc4c3b395b6/core/blockchain.go:433  - Byzantium:                   #0        (https://github.com/ethereum/execution-specs/blob/master/network-upgrades/mainnet-upgrades/byzantium.md)
[09-08|20:28:33.628] INFO <2tmrrBo1Lgt1mzzvPSFt73kkQKFas5d1AP88tv9cicwoFp8BSn Chain> /tmp/epochdb-subnet-source-finalise/mod/github.com/ava-labs/avalanchego/graft/subnet-evm@v1.14.3-0.20260804141953-6dc4c3b395b6/core/blockchain.go:433  - Constantinople:              #0        (https://github.com/ethereum/execution-specs/blob/master/network-upgrades/mainnet-upgrades/constantinople.md)
[09-08|20:28:33.628] INFO <2tmrrBo1Lgt1mzzvPSFt73kkQKFas5d1AP88tv9cicwoFp8BSn Chain> /tmp/epochdb-subnet-source-finalise/mod/github.com/ava-labs/avalanchego/graft/subnet-evm@v1.14.3-0.20260804141953-6dc4c3b395b6/core/blockchain.go:433  - Petersburg:                  #0        (https://github.com/ethereum/execution-specs/blob/master/network-upgrades/mainnet-upgrades/petersburg.md)
[09-08|20:28:33.628] INFO <2tmrrBo1Lgt1mzzvPSFt73kkQKFas5d1AP88tv9cicwoFp8BSn Chain> /tmp/epochdb-subnet-source-finalise/mod/github.com/ava-labs/avalanchego/graft/subnet-evm@v1.14.3-0.20260804141953-6dc4c3b395b6/core/blockchain.go:433  - Istanbul:                    #0        (https://github.com/ethereum/execution-specs/blob/master/network-upgrades/mainnet-upgrades/istanbul.md)
[09-08|20:28:33.628] INFO <2tmrrBo1Lgt1mzzvPSFt73kkQKFas5d1AP88tv9cicwoFp8BSn Chain> /tmp/epochdb-subnet-source-finalise/mod/github.com/ava-labs/avalanchego/graft/subnet-evm@v1.14.3-0.20260804141953-6dc4c3b395b6/core/blockchain.go:433  - Muir Glacier:                #0        (https://github.com/ethereum/execution-specs/blob/master/network-upgrades/mainnet-upgrades/muir-glacier.md)
[09-08|20:28:33.628] INFO <2tmrrBo1Lgt1mzzvPSFt73kkQKFas5d1AP88tv9cicwoFp8BSn Chain> /tmp/epochdb-subnet-source-finalise/mod/github.com/ava-labs/avalanchego/graft/subnet-evm@v1.14.3-0.20260804141953-6dc4c3b395b6/core/blockchain.go:433  - Berlin:                      #0        (https://github.com/ethereum/execution-specs/blob/master/network-upgrades/mainnet-upgrades/berlin.md)
[09-08|20:28:33.628] INFO <2tmrrBo1Lgt1mzzvPSFt73kkQKFas5d1AP88tv9cicwoFp8BSn Chain> /tmp/epochdb-subnet-source-finalise/mod/github.com/ava-labs/avalanchego/graft/subnet-evm@v1.14.3-0.20260804141953-6dc4c3b395b6/core/blockchain.go:433  - London:                      #0        (https://github.com/ethereum/execution-specs/blob/master/network-upgrades/mainnet-upgrades/london.md)
[09-08|20:28:33.628] INFO <2tmrrBo1Lgt1mzzvPSFt73kkQKFas5d1AP88tv9cicwoFp8BSn Chain> /tmp/epochdb-subnet-source-finalise/mod/github.com/ava-labs/avalanchego/graft/subnet-evm@v1.14.3-0.20260804141953-6dc4c3b395b6/core/blockchain.go:433 
[09-08|20:28:33.628] INFO <2tmrrBo1Lgt1mzzvPSFt73kkQKFas5d1AP88tv9cicwoFp8BSn Chain> /tmp/epochdb-subnet-source-finalise/mod/github.com/ava-labs/avalanchego/graft/subnet-evm@v1.14.3-0.20260804141953-6dc4c3b395b6/core/blockchain.go:433 The Merge is not yet available for this network!
[09-08|20:28:33.628] INFO <2tmrrBo1Lgt1mzzvPSFt73kkQKFas5d1AP88tv9cicwoFp8BSn Chain> /tmp/epochdb-subnet-source-finalise/mod/github.com/ava-labs/avalanchego/graft/subnet-evm@v1.14.3-0.20260804141953-6dc4c3b395b6/core/blockchain.go:433  - Hard-fork specification: https://github.com/ethereum/execution-specs/blob/master/network-upgrades/mainnet-upgrades/paris.md
[09-08|20:28:33.628] INFO <2tmrrBo1Lgt1mzzvPSFt73kkQKFas5d1AP88tv9cicwoFp8BSn Chain> /tmp/epochdb-subnet-source-finalise/mod/github.com/ava-labs/avalanchego/graft/subnet-evm@v1.14.3-0.20260804141953-6dc4c3b395b6/core/blockchain.go:433 
[09-08|20:28:33.628] INFO <2tmrrBo1Lgt1mzzvPSFt73kkQKFas5d1AP88tv9cicwoFp8BSn Chain> /tmp/epochdb-subnet-source-finalise/mod/github.com/ava-labs/avalanchego/graft/subnet-evm@v1.14.3-0.20260804141953-6dc4c3b395b6/core/blockchain.go:433 Post-Merge hard forks (timestamp based):
[09-08|20:28:33.628] INFO <2tmrrBo1Lgt1mzzvPSFt73kkQKFas5d1AP88tv9cicwoFp8BSn Chain> /tmp/epochdb-subnet-source-finalise/mod/github.com/ava-labs/avalanchego/graft/subnet-evm@v1.14.3-0.20260804141953-6dc4c3b395b6/core/blockchain.go:433  - Shanghai:                    @1709740800 (https://github.com/ethereum/execution-specs/blob/master/network-upgrades/mainnet-upgrades/shanghai.md)
[09-08|20:28:33.628] INFO <2tmrrBo1Lgt1mzzvPSFt73kkQKFas5d1AP88tv9cicwoFp8BSn Chain> /tmp/epochdb-subnet-source-finalise/mod/github.com/ava-labs/avalanchego/graft/subnet-evm@v1.14.3-0.20260804141953-6dc4c3b395b6/core/blockchain.go:433  - Cancun:                      @1734368400 (https://github.com/ethereum/execution-specs/blob/master/network-upgrades/mainnet-upgrades/cancun.md)
[09-08|20:28:33.628] INFO <2tmrrBo1Lgt1mzzvPSFt73kkQKFas5d1AP88tv9cicwoFp8BSn Chain> /tmp/epochdb-subnet-source-finalise/mod/github.com/ava-labs/avalanchego/graft/subnet-evm@v1.14.3-0.20260804141953-6dc4c3b395b6/core/blockchain.go:433 Avalanche Upgrades (timestamp based):
[09-08|20:28:33.628] INFO <2tmrrBo1Lgt1mzzvPSFt73kkQKFas5d1AP88tv9cicwoFp8BSn Chain> /tmp/epochdb-subnet-source-finalise/mod/github.com/ava-labs/avalanchego/graft/subnet-evm@v1.14.3-0.20260804141953-6dc4c3b395b6/core/blockchain.go:433  - SubnetEVM Timestamp:          @0          (https://github.com/ava-labs/avalanchego/releases/tag/v1.10.0)
[09-08|20:28:33.628] INFO <2tmrrBo1Lgt1mzzvPSFt73kkQKFas5d1AP88tv9cicwoFp8BSn Chain> /tmp/epochdb-subnet-source-finalise/mod/github.com/ava-labs/avalanchego/graft/subnet-evm@v1.14.3-0.20260804141953-6dc4c3b395b6/core/blockchain.go:433  - Durango Timestamp:            @1709740800 (https://github.com/ava-labs/avalanchego/releases/tag/v1.11.0)
[09-08|20:28:33.628] INFO <2tmrrBo1Lgt1mzzvPSFt73kkQKFas5d1AP88tv9cicwoFp8BSn Chain> /tmp/epochdb-subnet-source-finalise/mod/github.com/ava-labs/avalanchego/graft/subnet-evm@v1.14.3-0.20260804141953-6dc4c3b395b6/core/blockchain.go:433  - Etna Timestamp:               @1734368400 (https://github.com/ava-labs/avalanchego/releases/tag/v1.12.0)
[09-08|20:28:33.628] INFO <2tmrrBo1Lgt1mzzvPSFt73kkQKFas5d1AP88tv9cicwoFp8BSn Chain> /tmp/epochdb-subnet-source-finalise/mod/github.com/ava-labs/avalanchego/graft/subnet-evm@v1.14.3-0.20260804141953-6dc4c3b395b6/core/blockchain.go:433  - Fortuna Timestamp:            @nil        (https://github.com/ava-labs/avalanchego/releases/tag/v1.13.0)
[09-08|20:28:33.628] INFO <2tmrrBo1Lgt1mzzvPSFt73kkQKFas5d1AP88tv9cicwoFp8BSn Chain> /tmp/epochdb-subnet-source-finalise/mod/github.com/ava-labs/avalanchego/graft/subnet-evm@v1.14.3-0.20260804141953-6dc4c3b395b6/core/blockchain.go:433  - Granite Timestamp:            @1763568000 (https://github.com/ava-labs/avalanchego/releases/tag/v1.14.0)
[09-08|20:28:33.628] INFO <2tmrrBo1Lgt1mzzvPSFt73kkQKFas5d1AP88tv9cicwoFp8BSn Chain> /tmp/epochdb-subnet-source-finalise/mod/github.com/ava-labs/avalanchego/graft/subnet-evm@v1.14.3-0.20260804141953-6dc4c3b395b6/core/blockchain.go:433  - Helicon Timestamp:            @253399622400 (Unscheduled)
[09-08|20:28:33.628] INFO <2tmrrBo1Lgt1mzzvPSFt73kkQKFas5d1AP88tv9cicwoFp8BSn Chain> /tmp/epochdb-subnet-source-finalise/mod/github.com/ava-labs/avalanchego/graft/subnet-evm@v1.14.3-0.20260804141953-6dc4c3b395b6/core/blockchain.go:433 
[09-08|20:28:33.628] INFO <2tmrrBo1Lgt1mzzvPSFt73kkQKFas5d1AP88tv9cicwoFp8BSn Chain> /tmp/epochdb-subnet-source-finalise/mod/github.com/ava-labs/avalanchego/graft/subnet-evm@v1.14.3-0.20260804141953-6dc4c3b395b6/core/blockchain.go:433 Upgrade Config: {"precompileUpgrades":[{"contractNativeMinterConfig":{"adminAddresses":["0x1cd22e79976cb97fb65ccbada316ebd46881fa12","0xbca66eaf37b4c08b49d41e682e701e153f17e1d6","0x172fffc69ed471b7ff2465ae97504985f7071593"],"enabledAddresses":["0x277280e8337e64a3a8e8b795d4e8e5e00bf6e203"],"blockTimestamp":1692702000}},{"txAllowListConfig":{"adminAddresses":["0x277280e8337e64a3a8e8b795d4e8e5e00bf6e203","0xbca66eaf37b4c08b49d41e682e701e153f17e1d6","0x172fffc69ed471b7ff2465ae97504985f7071593","0x070a6fb7db4e0e3ebb41a6d09383119fec5f7ceb"],"blockTimestamp":1698760800}},{"txAllowListConfig":{"blockTimestamp":1698771600,"disable":true}},{"contractDeployerAllowListConfig":{"blockTimestamp":1698775200,"disable":true}},{"warpConfig":{"blockTimestamp":1729807200,"quorumNumerator":67,"requirePrimaryNetworkSigners":false}},{"warpConfig":{"blockTimestamp":1744124400,"disable":true,"quorumNumerator":0,"requirePrimaryNetworkSigners":false}},{"warpConfig":{"blockTimestamp":1744124404,"quorumNumerator":67,"requirePrimaryNetworkSigners":true}}]}
[09-08|20:28:33.628] INFO <2tmrrBo1Lgt1mzzvPSFt73kkQKFas5d1AP88tv9cicwoFp8BSn Chain> /tmp/epochdb-subnet-source-finalise/mod/github.com/ava-labs/avalanchego/graft/subnet-evm@v1.14.3-0.20260804141953-6dc4c3b395b6/core/blockchain.go:433 Fee Config: {"gasLimit":8000000,"targetBlockRate":2,"minBaseFee":10000000000,"targetGas":50000000,"baseFeeChangeDenominator":72,"minBlockGasCost":0,"maxBlockGasCost":1000000,"blockGasCostStep":100000}
[09-08|20:28:33.628] INFO <2tmrrBo1Lgt1mzzvPSFt73kkQKFas5d1AP88tv9cicwoFp8BSn Chain> /tmp/epochdb-subnet-source-finalise/mod/github.com/ava-labs/avalanchego/graft/subnet-evm@v1.14.3-0.20260804141953-6dc4c3b395b6/core/blockchain.go:433 Allow Fee Recipients: false
[09-08|20:28:33.628] INFO <2tmrrBo1Lgt1mzzvPSFt73kkQKFas5d1AP88tv9cicwoFp8BSn Chain> /tmp/epochdb-subnet-source-finalise/mod/github.com/ava-labs/avalanchego/graft/subnet-evm@v1.14.3-0.20260804141953-6dc4c3b395b6/core/blockchain.go:433 
[09-08|20:28:33.628] INFO <2tmrrBo1Lgt1mzzvPSFt73kkQKFas5d1AP88tv9cicwoFp8BSn Chain> /tmp/epochdb-subnet-source-finalise/mod/github.com/ava-labs/avalanchego/graft/subnet-evm@v1.14.3-0.20260804141953-6dc4c3b395b6/core/blockchain.go:435 ---------------------------------------------------------------------------------------------------------------------------------------------------------
[09-08|20:28:33.628] INFO <2tmrrBo1Lgt1mzzvPSFt73kkQKFas5d1AP88tv9cicwoFp8BSn Chain> /tmp/epochdb-subnet-source-finalise/mod/github.com/ava-labs/avalanchego/graft/subnet-evm@v1.14.3-0.20260804141953-6dc4c3b395b6/core/blockchain.go:436 
[09-08|20:28:33.628] INFO <2tmrrBo1Lgt1mzzvPSFt73kkQKFas5d1AP88tv9cicwoFp8BSn Chain> /tmp/epochdb-subnet-source-finalise/mod/github.com/ava-labs/avalanchego/graft/subnet-evm@v1.14.3-0.20260804141953-6dc4c3b395b6/core/blockchain.go:778 Loaded most recent local header          number=0 hash=bbf116..e65f3d age=57y6mo4d
[09-08|20:28:33.628] INFO <2tmrrBo1Lgt1mzzvPSFt73kkQKFas5d1AP88tv9cicwoFp8BSn Chain> /tmp/epochdb-subnet-source-finalise/mod/github.com/ava-labs/avalanchego/graft/subnet-evm@v1.14.3-0.20260804141953-6dc4c3b395b6/core/blockchain.go:779 Loaded most recent local full block      number=0 hash=bbf116..e65f3d age=57y6mo4d
[09-08|20:28:33.628] INFO <2tmrrBo1Lgt1mzzvPSFt73kkQKFas5d1AP88tv9cicwoFp8BSn Chain> /tmp/epochdb-subnet-source-finalise/mod/github.com/ava-labs/avalanchego/graft/subnet-evm@v1.14.3-0.20260804141953-6dc4c3b395b6/core/blockchain.go:1909 Loaded Acceptor tip                      hash=000000..000000
[09-08|20:28:33.628] INFO <2tmrrBo1Lgt1mzzvPSFt73kkQKFas5d1AP88tv9cicwoFp8BSn Chain> /tmp/epochdb-subnet-source-finalise/mod/github.com/ava-labs/avalanchego/graft/subnet-evm@v1.14.3-0.20260804141953-6dc4c3b395b6/core/blockchain.go:1920 Skipping state reprocessing              root=e3f873..83bb60
[09-08|20:28:33.628] INFO <2tmrrBo1Lgt1mzzvPSFt73kkQKFas5d1AP88tv9cicwoFp8BSn Chain> /tmp/epochdb-subnet-source-finalise/mod/github.com/ava-labs/avalanchego/graft/subnet-evm@v1.14.3-0.20260804141953-6dc4c3b395b6/core/blockchain.go:603 Not warming accepted cache because there are no accepted blocks
[09-08|20:28:33.628] INFO <2tmrrBo1Lgt1mzzvPSFt73kkQKFas5d1AP88tv9cicwoFp8BSn Chain> /tmp/epochdb-subnet-source-finalise/mod/github.com/ava-labs/avalanchego/graft/subnet-evm@v1.14.3-0.20260804141953-6dc4c3b395b6/core/blockchain.go:628 Starting Acceptor                        "queue length"=64
[09-08|20:28:33.629] INFO <2tmrrBo1Lgt1mzzvPSFt73kkQKFas5d1AP88tv9cicwoFp8BSn Chain> /tmp/epochdb-subnet-source-finalise/mod/github.com/ava-labs/avalanchego/graft/subnet-evm@v1.14.3-0.20260804141953-6dc4c3b395b6/core/txpool/legacypool/legacypool.go:498 Legacy pool tip threshold updated        tip=0
[09-08|20:28:33.630] INFO <2tmrrBo1Lgt1mzzvPSFt73kkQKFas5d1AP88tv9cicwoFp8BSn Chain> /tmp/epochdb-subnet-source-finalise/mod/github.com/ava-labs/avalanchego/graft/subnet-evm@v1.14.3-0.20260804141953-6dc4c3b395b6/plugin/evm/vm.go:1193 enabling apis                            apis="[eth eth-filter net web3 internal-eth internal-blockchain internal-transaction validators]"
2026/09/08 20:28:33 epochdb-host: corpus=/data/bench/input/beam-1m.corpus accepted=0 stop=1000000 batch=256 ring=4096 vm_pid=36025
2026/09/08 20:28:33 epochdb-host: batched parse=true batch=256 ring=4096
[09-08|20:28:36.003] INFO <2tmrrBo1Lgt1mzzvPSFt73kkQKFas5d1AP88tv9cicwoFp8BSn Chain> /tmp/epochdb-subnet-source-finalise/mod/github.com/ava-labs/avalanchego/graft/subnet-evm@v1.14.3-0.20260804141953-6dc4c3b395b6/core/state_processor_ext.go:56 Activating new precompile                name=contractNativeMinterConfig      config="{\"adminAddresses\":[\"0x1cd22e79976cb97fb65ccbada316ebd46881fa12\",\"0xbca66eaf37b4c08b49d41e682e701e153f17e1d6\",\"0x172fffc69ed471b7ff2465ae97504985f7071593\"],\"enabledAddresses\":[\"0x277280e8337e64a3a8e8b795d4e8e5e00bf6e203\"],\"blockTimestamp\":1692702000}"
2026/09/08 20:28:43 bench t=9s h=9387 blk=9387 tx=9621 mgas/s=50.6 cum=50.7 wait=0.0s full=9.9s host_rss=118MB vm_rss=178MB
2026/09/08 20:28:53 bench t=19s h=18775 blk=9388 tx=9671 mgas/s=40.4 cum=45.5 wait=0.0s full=9.8s host_rss=178MB vm_rss=217MB
2026/09/08 20:29:03 bench t=29s h=27493 blk=8718 tx=8886 mgas/s=55.9 cum=48.9 wait=0.0s full=9.7s host_rss=217MB vm_rss=262MB
2026/09/08 20:29:13 bench t=39s h=35705 blk=8212 tx=8733 mgas/s=92.1 cum=59.7 wait=0.0s full=9.9s host_rss=277MB vm_rss=329MB
2026/09/08 20:29:23 bench t=49s h=43535 blk=7830 tx=8129 mgas/s=81.0 cum=64.0 wait=0.0s full=9.9s host_rss=311MB vm_rss=362MB
[09-08|20:29:24.518] INFO <2tmrrBo1Lgt1mzzvPSFt73kkQKFas5d1AP88tv9cicwoFp8BSn Chain> /tmp/epochdb-subnet-source-finalise/mod/github.com/ava-labs/avalanchego/graft/subnet-evm@v1.14.3-0.20260804141953-6dc4c3b395b6/core/state_processor_ext.go:56 Activating new precompile                name=txAllowListConfig               config="{\"adminAddresses\":[\"0x277280e8337e64a3a8e8b795d4e8e5e00bf6e203\",\"0xbca66eaf37b4c08b49d41e682e701e153f17e1d6\",\"0x172fffc69ed471b7ff2465ae97504985f7071593\",\"0x070a6fb7db4e0e3ebb41a6d09383119fec5f7ceb\"],\"blockTimestamp\":1698760800}"
[09-08|20:29:24.564] INFO <2tmrrBo1Lgt1mzzvPSFt73kkQKFas5d1AP88tv9cicwoFp8BSn Chain> /tmp/epochdb-subnet-source-finalise/mod/github.com/ava-labs/avalanchego/graft/subnet-evm@v1.14.3-0.20260804141953-6dc4c3b395b6/core/state_processor_ext.go:39 Disabling precompile                     name=txAllowListConfig
[09-08|20:29:24.603] INFO <2tmrrBo1Lgt1mzzvPSFt73kkQKFas5d1AP88tv9cicwoFp8BSn Chain> /tmp/epochdb-subnet-source-finalise/mod/github.com/ava-labs/avalanchego/graft/subnet-evm@v1.14.3-0.20260804141953-6dc4c3b395b6/core/state_processor_ext.go:39 Disabling precompile                     name=contractDeployerAllowListConfig
2026/09/08 20:29:33 bench t=59s h=52895 blk=9360 tx=9576 mgas/s=39.2 cum=59.9 wait=0.0s full=9.8s host_rss=356MB vm_rss=394MB
2026/09/08 20:29:43 bench t=69s h=62606 blk=9711 tx=9983 mgas/s=26.1 cum=55.0 wait=0.0s full=10.0s host_rss=439MB vm_rss=370MB
2026/09/08 20:29:53 bench t=79s h=72374 blk=9768 tx=9940 mgas/s=27.2 cum=51.6 wait=0.0s full=9.9s host_rss=493MB vm_rss=401MB
2026/09/08 20:30:03 bench t=89s h=81138 blk=8764 tx=8955 mgas/s=78.4 cum=54.5 wait=0.0s full=10.0s host_rss=542MB vm_rss=482MB
2026/09/08 20:30:13 bench t=99s h=83017 blk=1879 tx=1894 mgas/s=428.8 cum=92.0 wait=0.0s full=9.9s host_rss=591MB vm_rss=601MB
2026/09/08 20:30:23 bench t=109s h=88360 blk=5343 tx=5443 mgas/s=235.9 cum=105.1 wait=0.0s full=9.9s host_rss=592MB vm_rss=647MB
2026/09/08 20:30:33 bench t=119s h=97554 blk=9194 tx=9404 mgas/s=39.0 cum=99.6 wait=0.0s full=10.0s host_rss=618MB vm_rss=619MB
2026/09/08 20:30:43 bench t=129s h=102121 blk=4567 tx=4671 mgas/s=302.6 cum=115.2 wait=0.0s full=9.8s host_rss=621MB vm_rss=808MB
2026/09/08 20:30:53 bench t=139s h=110426 blk=8305 tx=8462 mgas/s=68.8 cum=111.9 wait=0.0s full=9.8s host_rss=622MB vm_rss=765MB
2026/09/08 20:31:03 bench t=149s h=118502 blk=8076 tx=8340 mgas/s=61.3 cum=108.5 wait=0.0s full=10.0s host_rss=622MB vm_rss=790MB
2026/09/08 20:31:13 bench t=159s h=127189 blk=8687 tx=8852 mgas/s=44.5 cum=104.5 wait=0.0s full=10.0s host_rss=622MB vm_rss=817MB
2026/09/08 20:31:23 bench t=169s h=135865 blk=8676 tx=8714 mgas/s=49.0 cum=101.2 wait=0.0s full=9.9s host_rss=622MB vm_rss=838MB
2026/09/08 20:31:33 bench t=179s h=144519 blk=8654 tx=8675 mgas/s=51.4 cum=98.5 wait=0.0s full=10.0s host_rss=622MB vm_rss=844MB
2026/09/08 20:31:43 bench t=189s h=153259 blk=8740 tx=8767 mgas/s=45.5 cum=95.7 wait=0.0s full=9.9s host_rss=622MB vm_rss=852MB
2026/09/08 20:31:53 bench t=199s h=162036 blk=8777 tx=8826 mgas/s=45.9 cum=93.2 wait=0.0s full=9.8s host_rss=622MB vm_rss=852MB
2026/09/08 20:32:03 bench t=209s h=170574 blk=8538 tx=8743 mgas/s=48.3 cum=91.0 wait=0.0s full=10.0s host_rss=622MB vm_rss=854MB
2026/09/08 20:32:13 bench t=219s h=179683 blk=9109 tx=9375 mgas/s=35.4 cum=88.5 wait=0.0s full=10.0s host_rss=626MB vm_rss=859MB
2026/09/08 20:32:23 bench t=229s h=189161 blk=9478 tx=10394 mgas/s=27.0 cum=85.8 wait=0.0s full=9.9s host_rss=626MB vm_rss=875MB
2026/09/08 20:32:33 bench t=239s h=198701 blk=9540 tx=10276 mgas/s=29.9 cum=83.5 wait=0.0s full=9.7s host_rss=654MB vm_rss=887MB
2026/09/08 20:32:43 bench t=249s h=207899 blk=9198 tx=10096 mgas/s=36.7 cum=81.6 wait=0.0s full=9.9s host_rss=670MB vm_rss=897MB
2026/09/08 20:32:53 bench t=259s h=217172 blk=9273 tx=9808 mgas/s=31.7 cum=79.7 wait=0.0s full=9.9s host_rss=673MB vm_rss=908MB
2026/09/08 20:33:03 bench t=269s h=226508 blk=9336 tx=9504 mgas/s=28.9 cum=77.8 wait=0.0s full=10.0s host_rss=685MB vm_rss=919MB
2026/09/08 20:33:13 bench t=279s h=235030 blk=8522 tx=8722 mgas/s=44.3 cum=76.6 wait=0.0s full=10.0s host_rss=698MB vm_rss=932MB
2026/09/08 20:33:23 bench t=289s h=244261 blk=9231 tx=9654 mgas/s=32.6 cum=75.1 wait=0.0s full=9.9s host_rss=699MB vm_rss=938MB
2026/09/08 20:33:33 bench t=299s h=253731 blk=9470 tx=10121 mgas/s=31.3 cum=73.7 wait=0.0s full=10.0s host_rss=710MB vm_rss=953MB
2026/09/08 20:33:43 bench t=309s h=262415 blk=8684 tx=9231 mgas/s=45.4 cum=72.7 wait=0.0s full=9.8s host_rss=716MB vm_rss=967MB
2026/09/08 20:33:53 bench t=319s h=271461 blk=9046 tx=9546 mgas/s=36.8 cum=71.6 wait=0.0s full=9.9s host_rss=722MB vm_rss=974MB
2026/09/08 20:34:03 bench t=329s h=280480 blk=9019 tx=9608 mgas/s=34.0 cum=70.5 wait=0.0s full=9.9s host_rss=725MB vm_rss=986MB
2026/09/08 20:34:13 bench t=339s h=289704 blk=9224 tx=9505 mgas/s=30.5 cum=69.3 wait=0.0s full=10.0s host_rss=725MB vm_rss=1016MB
2026/09/08 20:34:23 bench t=349s h=298814 blk=9110 tx=9443 mgas/s=32.1 cum=68.2 wait=0.0s full=9.9s host_rss=726MB vm_rss=1027MB
2026/09/08 20:34:33 bench t=359s h=308068 blk=9254 tx=9703 mgas/s=37.4 cum=67.4 wait=0.0s full=10.0s host_rss=726MB vm_rss=1038MB
2026/09/08 20:34:43 bench t=369s h=317163 blk=9095 tx=10349 mgas/s=34.4 cum=66.5 wait=0.0s full=9.9s host_rss=726MB vm_rss=1050MB
2026/09/08 20:34:53 bench t=379s h=326283 blk=9120 tx=13797 mgas/s=34.5 cum=65.7 wait=0.0s full=10.0s host_rss=727MB vm_rss=1060MB
2026/09/08 20:35:03 bench t=389s h=335591 blk=9308 tx=12332 mgas/s=31.2 cum=64.8 wait=0.0s full=10.0s host_rss=727MB vm_rss=1070MB
2026/09/08 20:35:13 bench t=399s h=344678 blk=9087 tx=13080 mgas/s=34.4 cum=64.0 wait=0.0s full=9.9s host_rss=733MB vm_rss=1071MB
2026/09/08 20:35:23 bench t=409s h=353829 blk=9151 tx=13230 mgas/s=32.2 cum=63.2 wait=0.0s full=10.0s host_rss=736MB vm_rss=1081MB
2026/09/08 20:35:33 bench t=419s h=362831 blk=9002 tx=13358 mgas/s=35.1 cum=62.6 wait=0.0s full=9.7s host_rss=736MB vm_rss=1089MB
2026/09/08 20:35:43 bench t=429s h=372499 blk=9668 tx=12064 mgas/s=40.5 cum=62.1 wait=0.0s full=9.9s host_rss=738MB vm_rss=1098MB
2026/09/08 20:35:53 bench t=439s h=381029 blk=8530 tx=11287 mgas/s=44.4 cum=61.7 wait=0.0s full=9.9s host_rss=738MB vm_rss=1102MB
2026/09/08 20:36:03 bench t=449s h=390231 blk=9202 tx=11572 mgas/s=31.6 cum=61.0 wait=0.0s full=10.0s host_rss=739MB vm_rss=1111MB
2026/09/08 20:36:13 bench t=459s h=399466 blk=9235 tx=11336 mgas/s=30.4 cum=60.3 wait=0.0s full=9.8s host_rss=739MB vm_rss=1115MB
2026/09/08 20:36:23 bench t=469s h=408699 blk=9233 tx=11641 mgas/s=31.0 cum=59.7 wait=0.0s full=10.0s host_rss=739MB vm_rss=1116MB
2026/09/08 20:36:33 bench t=479s h=417796 blk=9097 tx=13600 mgas/s=34.0 cum=59.2 wait=0.0s full=10.0s host_rss=743MB vm_rss=1124MB
2026/09/08 20:36:43 bench t=489s h=427484 blk=9688 tx=10859 mgas/s=47.4 cum=58.9 wait=0.0s full=9.7s host_rss=746MB vm_rss=1134MB
2026/09/08 20:36:53 bench t=499s h=435915 blk=8431 tx=9341 mgas/s=59.1 cum=58.9 wait=0.0s full=10.0s host_rss=746MB vm_rss=1138MB
2026/09/08 20:37:03 bench t=509s h=445270 blk=9355 tx=11226 mgas/s=31.7 cum=58.4 wait=0.0s full=9.9s host_rss=747MB vm_rss=1147MB
2026/09/08 20:37:13 bench t=519s h=454231 blk=8961 tx=11702 mgas/s=38.0 cum=58.0 wait=0.0s full=9.9s host_rss=748MB vm_rss=1159MB
2026/09/08 20:37:23 bench t=529s h=462674 blk=8443 tx=19667 mgas/s=50.2 cum=57.8 wait=0.0s full=9.6s host_rss=748MB vm_rss=1179MB
2026/09/08 20:37:33 bench t=539s h=470868 blk=8194 tx=18532 mgas/s=56.7 cum=57.8 wait=0.0s full=9.9s host_rss=748MB vm_rss=1193MB
2026/09/08 20:37:43 bench t=549s h=480068 blk=9200 tx=17346 mgas/s=56.7 cum=57.8 wait=0.0s full=9.8s host_rss=749MB vm_rss=1203MB
2026/09/08 20:37:53 bench t=559s h=490853 blk=10785 tx=12951 mgas/s=47.1 cum=57.6 wait=0.0s full=9.9s host_rss=750MB vm_rss=1202MB
2026/09/08 20:38:03 bench t=569s h=499727 blk=8874 tx=10432 mgas/s=38.1 cum=57.3 wait=0.0s full=9.9s host_rss=750MB vm_rss=1207MB
2026/09/08 20:38:13 bench t=579s h=507946 blk=8219 tx=10564 mgas/s=53.0 cum=57.2 wait=0.0s full=10.0s host_rss=750MB vm_rss=1213MB
2026/09/08 20:38:23 bench t=589s h=515852 blk=7906 tx=10906 mgas/s=58.7 cum=57.2 wait=0.0s full=9.9s host_rss=750MB vm_rss=1222MB
2026/09/08 20:38:33 bench t=599s h=524087 blk=8235 tx=10875 mgas/s=53.7 cum=57.2 wait=0.0s full=9.9s host_rss=750MB vm_rss=1228MB
2026/09/08 20:38:43 bench t=609s h=532837 blk=8750 tx=19965 mgas/s=59.8 cum=57.2 wait=0.0s full=9.8s host_rss=750MB vm_rss=1253MB
2026/09/08 20:38:53 bench t=619s h=542411 blk=9574 tx=25335 mgas/s=77.7 cum=57.5 wait=0.0s full=9.9s host_rss=750MB vm_rss=1269MB
2026/09/08 20:39:03 bench t=629s h=552148 blk=9737 tx=20460 mgas/s=74.2 cum=57.8 wait=0.0s full=10.0s host_rss=750MB vm_rss=1279MB
2026/09/08 20:39:13 bench t=639s h=560920 blk=8772 tx=11825 mgas/s=51.5 cum=57.7 wait=0.0s full=9.8s host_rss=750MB vm_rss=1281MB
2026/09/08 20:39:23 bench t=649s h=569951 blk=9031 tx=10450 mgas/s=34.6 cum=57.3 wait=0.0s full=10.0s host_rss=750MB vm_rss=1282MB
2026/09/08 20:39:33 bench t=659s h=578660 blk=8709 tx=10550 mgas/s=42.6 cum=57.1 wait=0.0s full=9.9s host_rss=750MB vm_rss=1293MB
2026/09/08 20:39:43 bench t=669s h=588776 blk=10116 tx=12374 mgas/s=47.6 cum=57.0 wait=0.0s full=9.9s host_rss=750MB vm_rss=1299MB
2026/09/08 20:39:53 bench t=679s h=599806 blk=11030 tx=15659 mgas/s=47.6 cum=56.8 wait=0.0s full=9.9s host_rss=750MB vm_rss=1300MB
2026/09/08 20:40:03 bench t=689s h=609857 blk=10051 tx=24695 mgas/s=65.7 cum=57.0 wait=0.0s full=10.0s host_rss=750MB vm_rss=1316MB
2026/09/08 20:40:13 bench t=699s h=619429 blk=9572 tx=23567 mgas/s=72.9 cum=57.2 wait=0.0s full=9.8s host_rss=750MB vm_rss=1319MB
2026/09/08 20:40:23 bench t=709s h=629129 blk=9700 tx=24698 mgas/s=70.3 cum=57.4 wait=0.0s full=10.0s host_rss=750MB vm_rss=1326MB
2026/09/08 20:40:33 bench t=719s h=638909 blk=9780 tx=23779 mgas/s=67.9 cum=57.5 wait=0.0s full=9.9s host_rss=750MB vm_rss=1332MB
2026/09/08 20:40:43 bench t=729s h=648956 blk=10047 tx=11183 mgas/s=62.6 cum=57.6 wait=0.0s full=9.9s host_rss=750MB vm_rss=1331MB
2026/09/08 20:40:53 bench t=739s h=659031 blk=10075 tx=12821 mgas/s=63.1 cum=57.7 wait=0.0s full=9.7s host_rss=750MB vm_rss=1326MB
2026/09/08 20:41:03 bench t=749s h=669693 blk=10662 tx=20081 mgas/s=56.9 cum=57.7 wait=0.0s full=9.9s host_rss=750MB vm_rss=1332MB
2026/09/08 20:41:13 bench t=759s h=680191 blk=10498 tx=19742 mgas/s=61.1 cum=57.7 wait=0.0s full=10.0s host_rss=750MB vm_rss=1341MB
2026/09/08 20:41:23 bench t=769s h=688168 blk=7977 tx=9743 mgas/s=105.5 cum=58.3 wait=0.0s full=10.0s host_rss=750MB vm_rss=1345MB
2026/09/08 20:41:33 bench t=779s h=696338 blk=8170 tx=8693 mgas/s=96.5 cum=58.8 wait=0.0s full=9.9s host_rss=746MB vm_rss=1336MB
2026/09/08 20:41:43 bench t=789s h=705835 blk=9497 tx=10271 mgas/s=74.2 cum=59.0 wait=0.0s full=9.9s host_rss=746MB vm_rss=1343MB
2026/09/08 20:41:53 bench t=799s h=715169 blk=9334 tx=10065 mgas/s=75.2 cum=59.2 wait=0.0s full=10.0s host_rss=746MB vm_rss=1333MB
2026/09/08 20:42:03 bench t=809s h=725038 blk=9869 tx=14460 mgas/s=68.2 cum=59.3 wait=0.0s full=9.9s host_rss=744MB vm_rss=1326MB
2026/09/08 20:42:13 bench t=819s h=734207 blk=9169 tx=13416 mgas/s=82.3 cum=59.6 wait=0.0s full=9.9s host_rss=745MB vm_rss=1339MB
2026/09/08 20:42:23 bench t=829s h=742807 blk=8600 tx=9395 mgas/s=83.6 cum=59.9 wait=0.0s full=10.0s host_rss=745MB vm_rss=1327MB
2026/09/08 20:42:33 bench t=839s h=751052 blk=8245 tx=9331 mgas/s=95.5 cum=60.3 wait=0.0s full=9.9s host_rss=733MB vm_rss=1332MB
2026/09/08 20:42:43 bench t=849s h=759096 blk=8044 tx=9014 mgas/s=100.6 cum=60.8 wait=0.0s full=10.0s host_rss=733MB vm_rss=1336MB
2026/09/08 20:42:53 bench t=859s h=767225 blk=8129 tx=8658 mgas/s=93.9 cum=61.2 wait=0.0s full=10.0s host_rss=735MB vm_rss=1336MB
2026/09/08 20:43:03 bench t=869s h=775222 blk=7997 tx=8675 mgas/s=98.0 cum=61.6 wait=0.0s full=9.8s host_rss=718MB vm_rss=1342MB
2026/09/08 20:43:13 bench t=879s h=784081 blk=8859 tx=10031 mgas/s=71.3 cum=61.7 wait=0.0s full=10.0s host_rss=706MB vm_rss=1351MB
2026/09/08 20:43:23 bench t=889s h=793611 blk=9530 tx=11478 mgas/s=71.6 cum=61.8 wait=0.0s full=9.9s host_rss=706MB vm_rss=1351MB
2026/09/08 20:43:33 bench t=899s h=803606 blk=9995 tx=11566 mgas/s=64.3 cum=61.9 wait=0.0s full=9.8s host_rss=707MB vm_rss=1359MB
2026/09/08 20:43:43 bench t=909s h=813353 blk=9747 tx=11515 mgas/s=68.0 cum=61.9 wait=0.0s full=9.9s host_rss=708MB vm_rss=1367MB
2026/09/08 20:43:53 bench t=919s h=822907 blk=9554 tx=11430 mgas/s=70.2 cum=62.0 wait=0.0s full=9.9s host_rss=708MB vm_rss=1370MB
2026/09/08 20:44:03 bench t=929s h=832493 blk=9586 tx=11131 mgas/s=64.0 cum=62.0 wait=0.0s full=9.9s host_rss=708MB vm_rss=1375MB
2026/09/08 20:44:13 bench t=939s h=842288 blk=9795 tx=11564 mgas/s=65.6 cum=62.1 wait=0.0s full=9.8s host_rss=708MB vm_rss=1371MB
2026/09/08 20:44:23 bench t=949s h=851424 blk=9136 tx=11376 mgas/s=76.7 cum=62.2 wait=0.0s full=9.7s host_rss=708MB vm_rss=1370MB
2026/09/08 20:44:33 bench t=959s h=861096 blk=9672 tx=11602 mgas/s=68.9 cum=62.3 wait=0.0s full=10.0s host_rss=708MB vm_rss=1375MB
2026/09/08 20:44:43 bench t=969s h=871115 blk=10019 tx=11290 mgas/s=62.8 cum=62.3 wait=0.0s full=9.8s host_rss=708MB vm_rss=1379MB
2026/09/08 20:44:53 bench t=979s h=880770 blk=9655 tx=11237 mgas/s=67.8 cum=62.4 wait=0.0s full=10.0s host_rss=708MB vm_rss=1379MB
2026/09/08 20:45:03 bench t=989s h=890870 blk=10100 tx=11101 mgas/s=53.9 cum=62.3 wait=0.0s full=9.9s host_rss=708MB vm_rss=1385MB
2026/09/08 20:45:13 bench t=999s h=900480 blk=9610 tx=11445 mgas/s=68.2 cum=62.3 wait=0.0s full=9.7s host_rss=708MB vm_rss=1385MB
2026/09/08 20:45:23 bench t=1009s h=910675 blk=10195 tx=11374 mgas/s=57.6 cum=62.3 wait=0.0s full=9.7s host_rss=708MB vm_rss=1386MB
2026/09/08 20:45:33 bench t=1019s h=920826 blk=10151 tx=22690 mgas/s=62.7 cum=62.3 wait=0.0s full=9.9s host_rss=708MB vm_rss=1397MB
2026/09/08 20:45:43 bench t=1029s h=930661 blk=9835 tx=23131 mgas/s=68.2 cum=62.3 wait=0.0s full=9.8s host_rss=708MB vm_rss=1410MB
2026/09/08 20:45:53 bench t=1039s h=939834 blk=9173 tx=23197 mgas/s=77.3 cum=62.5 wait=0.0s full=9.8s host_rss=708MB vm_rss=1424MB
2026/09/08 20:46:03 bench t=1049s h=949665 blk=9831 tx=23038 mgas/s=69.1 cum=62.6 wait=0.0s full=10.0s host_rss=708MB vm_rss=1424MB
2026/09/08 20:46:13 bench t=1059s h=958907 blk=9242 tx=22638 mgas/s=78.4 cum=62.7 wait=0.0s full=9.7s host_rss=708MB vm_rss=1434MB
2026/09/08 20:46:23 bench t=1069s h=968075 blk=9168 tx=23027 mgas/s=80.2 cum=62.9 wait=0.0s full=9.8s host_rss=708MB vm_rss=1445MB
2026/09/08 20:46:33 bench t=1079s h=977021 blk=8946 tx=16007 mgas/s=82.9 cum=63.1 wait=0.0s full=9.9s host_rss=708MB vm_rss=1450MB
2026/09/08 20:46:43 bench t=1089s h=986268 blk=9247 tx=11381 mgas/s=73.2 cum=63.1 wait=0.0s full=9.9s host_rss=708MB vm_rss=1442MB
2026/09/08 20:46:53 bench t=1099s h=996662 blk=10394 tx=11668 mgas/s=56.7 cum=63.1 wait=0.0s full=8.1s host_rss=708MB vm_rss=1448MB
2026/09/08 20:46:57 bench exit t=1103s h=1000000 blk=1000000 tx=1358991 mgas/s=63.0 cum=63.0 wait=0.0s full=1086.8s host_rss=708MB vm_rss=1450MB
2026/09/08 20:46:57 corpus ready height=1000000 host_pid=36008 id=2cubCyPaxmaCgdgSzJkxb7HYYsN2BjZCKSmgy2a577EVcrTFZv vm_pid=36025 rpc=http://127.0.0.1:19900/ext/bc/2tmrrBo1Lgt1mzzvPSFt73kkQKFas5d1AP88tv9cicwoFp8BSn/rpc
2026/09/08 20:46:58 epochdb-host: validator state via https://api.avax.network: failed to decode client response: /ext/P: Unsupported height parameter value provided for platform.getValidatorsAt
[09-08|20:46:58.504] [1;33mWARN[0;0m <2tmrrBo1Lgt1mzzvPSFt73kkQKFas5d1AP88tv9cicwoFp8BSn Chain> p2p/validators.go:113 failed to get current validator set {"error": "getting validator set: rpc error: code = Unknown desc = failed to decode client response: /ext/P: Unsupported height parameter value provided for platform.getValidatorsAt"}
2026/09/08 20:46:59 epochdb-host: validator state via https://api.avax.network: failed to decode client response: /ext/P: Unsupported height parameter value provided for platform.getValidatorsAt
[09-08|20:46:59.513] [1;33mWARN[0;0m <2tmrrBo1Lgt1mzzvPSFt73kkQKFas5d1AP88tv9cicwoFp8BSn Chain> p2p/validators.go:113 failed to get current validator set {"error": "getting validator set: rpc error: code = Unknown desc = failed to decode client response: /ext/P: Unsupported height parameter value provided for platform.getValidatorsAt"}
2026/09/08 20:47:00 epochdb-host: validator state via https://api.avax.network: failed to decode client response: /ext/P: Unsupported height parameter value provided for platform.getValidatorsAt
[09-08|20:47:00.505] [1;33mWARN[0;0m <2tmrrBo1Lgt1mzzvPSFt73kkQKFas5d1AP88tv9cicwoFp8BSn Chain> p2p/validators.go:113 failed to get current validator set {"error": "getting validator set: rpc error: code = Unknown desc = failed to decode client response: /ext/P: Unsupported height parameter value provided for platform.getValidatorsAt"}
2026/09/08 20:47:01 epochdb-host: validator state via https://api.avax.network: failed to decode client response: /ext/P: Unsupported height parameter value provided for platform.getValidatorsAt
[09-08|20:47:01.504] [1;33mWARN[0;0m <2tmrrBo1Lgt1mzzvPSFt73kkQKFas5d1AP88tv9cicwoFp8BSn Chain> p2p/validators.go:113 failed to get current validator set {"error": "getting validator set: rpc error: code = Unknown desc = failed to decode client response: /ext/P: Unsupported height parameter value provided for platform.getValidatorsAt"}
2026/09/08 20:47:02 epochdb-host: validator state via https://api.avax.network: failed to decode client response: /ext/P: Unsupported height parameter value provided for platform.getValidatorsAt
[09-08|20:47:02.627] [1;33mWARN[0;0m <2tmrrBo1Lgt1mzzvPSFt73kkQKFas5d1AP88tv9cicwoFp8BSn Chain> p2p/validators.go:113 failed to get current validator set {"error": "getting validator set: rpc error: code = Unknown desc = failed to decode client response: /ext/P: Unsupported height parameter value provided for platform.getValidatorsAt"}
2026/09/08 20:47:03 epochdb-host: validator state via https://api.avax.network: failed to decode client response: /ext/P: Unsupported height parameter value provided for platform.getValidatorsAt
[09-08|20:47:03.503] [1;33mWARN[0;0m <2tmrrBo1Lgt1mzzvPSFt73kkQKFas5d1AP88tv9cicwoFp8BSn Chain> p2p/validators.go:113 failed to get current validator set {"error": "getting validator set: rpc error: code = Unknown desc = failed to decode client response: /ext/P: Unsupported height parameter value provided for platform.getValidatorsAt"}
2026/09/08 20:47:04 epochdb-host: validator state via https://api.avax.network: failed to decode client response: /ext/P: Unsupported height parameter value provided for platform.getValidatorsAt
[09-08|20:47:04.506] [1;33mWARN[0;0m <2tmrrBo1Lgt1mzzvPSFt73kkQKFas5d1AP88tv9cicwoFp8BSn Chain> p2p/validators.go:113 failed to get current validator set {"error": "getting validator set: rpc error: code = Unknown desc = failed to decode client response: /ext/P: Unsupported height parameter value provided for platform.getValidatorsAt"}
2026/09/08 20:47:05 epochdb-host: validator state via https://api.avax.network: failed to decode client response: /ext/P: Unsupported height parameter value provided for platform.getValidatorsAt
[09-08|20:47:05.515] [1;33mWARN[0;0m <2tmrrBo1Lgt1mzzvPSFt73kkQKFas5d1AP88tv9cicwoFp8BSn Chain> p2p/validators.go:113 failed to get current validator set {"error": "getting validator set: rpc error: code = Unknown desc = failed to decode client response: /ext/P: Unsupported height parameter value provided for platform.getValidatorsAt"}
2026/09/08 20:47:06 epochdb-host: validator state via https://api.avax.network: failed to decode client response: /ext/P: Unsupported height parameter value provided for platform.getValidatorsAt
[09-08|20:47:06.504] [1;33mWARN[0;0m <2tmrrBo1Lgt1mzzvPSFt73kkQKFas5d1AP88tv9cicwoFp8BSn Chain> p2p/validators.go:113 failed to get current validator set {"error": "getting validator set: rpc error: code = Unknown desc = failed to decode client response: /ext/P: Unsupported height parameter value provided for platform.getValidatorsAt"}
2026/09/08 20:47:07 epochdb-host: validator state via https://api.avax.network: failed to decode client response: /ext/P: Unsupported height parameter value provided for platform.getValidatorsAt
[09-08|20:47:07.505] [1;33mWARN[0;0m <2tmrrBo1Lgt1mzzvPSFt73kkQKFas5d1AP88tv9cicwoFp8BSn Chain> p2p/validators.go:113 failed to get current validator set {"error": "getting validator set: rpc error: code = Unknown desc = failed to decode client response: /ext/P: Unsupported height parameter value provided for platform.getValidatorsAt"}
2026/09/08 20:47:08 epochdb-host: validator state via https://api.avax.network: failed to decode client response: /ext/P: Unsupported height parameter value provided for platform.getValidatorsAt
[09-08|20:47:08.627] [1;33mWARN[0;0m <2tmrrBo1Lgt1mzzvPSFt73kkQKFas5d1AP88tv9cicwoFp8BSn Chain> p2p/validators.go:113 failed to get current validator set {"error": "getting validator set: rpc error: code = Unknown desc = failed to decode client response: /ext/P: Unsupported height parameter value provided for platform.getValidatorsAt"}
2026/09/08 20:47:09 epochdb-host: validator state via https://api.avax.network: failed to decode client response: /ext/P: Unsupported height parameter value provided for platform.getValidatorsAt
[09-08|20:47:09.504] [1;33mWARN[0;0m <2tmrrBo1Lgt1mzzvPSFt73kkQKFas5d1AP88tv9cicwoFp8BSn Chain> p2p/validators.go:113 failed to get current validator set {"error": "getting validator set: rpc error: code = Unknown desc = failed to decode client response: /ext/P: Unsupported height parameter value provided for platform.getValidatorsAt"}
2026/09/08 20:47:10 epochdb-host: validator state via https://api.avax.network: failed to decode client response: /ext/P: Unsupported height parameter value provided for platform.getValidatorsAt
[09-08|20:47:10.503] [1;33mWARN[0;0m <2tmrrBo1Lgt1mzzvPSFt73kkQKFas5d1AP88tv9cicwoFp8BSn Chain> p2p/validators.go:113 failed to get current validator set {"error": "getting validator set: rpc error: code = Unknown desc = failed to decode client response: /ext/P: Unsupported height parameter value provided for platform.getValidatorsAt"}
2026/09/08 20:47:11 epochdb-host: validator state via https://api.avax.network: failed to decode client response: /ext/P: Unsupported height parameter value provided for platform.getValidatorsAt
[09-08|20:47:11.513] [1;33mWARN[0;0m <2tmrrBo1Lgt1mzzvPSFt73kkQKFas5d1AP88tv9cicwoFp8BSn Chain> p2p/validators.go:113 failed to get current validator set {"error": "getting validator set: rpc error: code = Unknown desc = failed to decode client response: /ext/P: Unsupported height parameter value provided for platform.getValidatorsAt"}
2026/09/08 20:47:12 epochdb-host: validator state via https://api.avax.network: failed to decode client response: /ext/P: Unsupported height parameter value provided for platform.getValidatorsAt
[09-08|20:47:12.504] [1;33mWARN[0;0m <2tmrrBo1Lgt1mzzvPSFt73kkQKFas5d1AP88tv9cicwoFp8BSn Chain> p2p/validators.go:113 failed to get current validator set {"error": "getting validator set: rpc error: code = Unknown desc = failed to decode client response: /ext/P: Unsupported height parameter value provided for platform.getValidatorsAt"}
2026/09/08 20:47:13 epochdb-host: validator state via https://api.avax.network: failed to decode client response: /ext/P: Unsupported height parameter value provided for platform.getValidatorsAt
[09-08|20:47:13.503] [1;33mWARN[0;0m <2tmrrBo1Lgt1mzzvPSFt73kkQKFas5d1AP88tv9cicwoFp8BSn Chain> p2p/validators.go:113 failed to get current validator set {"error": "getting validator set: rpc error: code = Unknown desc = failed to decode client response: /ext/P: Unsupported height parameter value provided for platform.getValidatorsAt"}
2026/09/08 20:47:14 epochdb-host: validator state via https://api.avax.network: failed to decode client response: /ext/P: Unsupported height parameter value provided for platform.getValidatorsAt
[09-08|20:47:14.626] [1;33mWARN[0;0m <2tmrrBo1Lgt1mzzvPSFt73kkQKFas5d1AP88tv9cicwoFp8BSn Chain> p2p/validators.go:113 failed to get current validator set {"error": "getting validator set: rpc error: code = Unknown desc = failed to decode client response: /ext/P: Unsupported height parameter value provided for platform.getValidatorsAt"}
2026/09/08 20:47:15 epochdb-host: validator state via https://api.avax.network: failed to decode client response: /ext/P: Unsupported height parameter value provided for platform.getValidatorsAt
[09-08|20:47:15.504] [1;33mWARN[0;0m <2tmrrBo1Lgt1mzzvPSFt73kkQKFas5d1AP88tv9cicwoFp8BSn Chain> p2p/validators.go:113 failed to get current validator set {"error": "getting validator set: rpc error: code = Unknown desc = failed to decode client response: /ext/P: Unsupported height parameter value provided for platform.getValidatorsAt"}
2026/09/08 20:47:16 epochdb-host: validator state via https://api.avax.network: failed to decode client response: /ext/P: Unsupported height parameter value provided for platform.getValidatorsAt
[09-08|20:47:16.504] [1;33mWARN[0;0m <2tmrrBo1Lgt1mzzvPSFt73kkQKFas5d1AP88tv9cicwoFp8BSn Chain> p2p/validators.go:113 failed to get current validator set {"error": "getting validator set: rpc error: code = Unknown desc = failed to decode client response: /ext/P: Unsupported height parameter value provided for platform.getValidatorsAt"}
2026/09/08 20:47:17 epochdb-host: validator state via https://api.avax.network: failed to decode client response: /ext/P: Unsupported height parameter value provided for platform.getValidatorsAt
[09-08|20:47:17.513] [1;33mWARN[0;0m <2tmrrBo1Lgt1mzzvPSFt73kkQKFas5d1AP88tv9cicwoFp8BSn Chain> p2p/validators.go:113 failed to get current validator set {"error": "getting validator set: rpc error: code = Unknown desc = failed to decode client response: /ext/P: Unsupported height parameter value provided for platform.getValidatorsAt"}
2026/09/08 20:47:18 epochdb-host: validator state via https://api.avax.network: failed to decode client response: /ext/P: Unsupported height parameter value provided for platform.getValidatorsAt
[09-08|20:47:18.502] [1;33mWARN[0;0m <2tmrrBo1Lgt1mzzvPSFt73kkQKFas5d1AP88tv9cicwoFp8BSn Chain> p2p/validators.go:113 failed to get current validator set {"error": "getting validator set: rpc error: code = Unknown desc = failed to decode client response: /ext/P: Unsupported height parameter value provided for platform.getValidatorsAt"}
2026/09/08 20:47:19 epochdb-host: validator state via https://api.avax.network: failed to decode client response: /ext/P: Unsupported height parameter value provided for platform.getValidatorsAt
[09-08|20:47:19.504] [1;33mWARN[0;0m <2tmrrBo1Lgt1mzzvPSFt73kkQKFas5d1AP88tv9cicwoFp8BSn Chain> p2p/validators.go:113 failed to get current validator set {"error": "getting validator set: rpc error: code = Unknown desc = failed to decode client response: /ext/P: Unsupported height parameter value provided for platform.getValidatorsAt"}
2026/09/08 20:47:20 epochdb-host: validator state via https://api.avax.network: failed to decode client response: /ext/P: Unsupported height parameter value provided for platform.getValidatorsAt
[09-08|20:47:20.629] [1;33mWARN[0;0m <2tmrrBo1Lgt1mzzvPSFt73kkQKFas5d1AP88tv9cicwoFp8BSn Chain> p2p/validators.go:113 failed to get current validator set {"error": "getting validator set: rpc error: code = Unknown desc = failed to decode client response: /ext/P: Unsupported height parameter value provided for platform.getValidatorsAt"}
2026/09/08 20:47:21 epochdb-host: validator state via https://api.avax.network: failed to decode client response: /ext/P: Unsupported height parameter value provided for platform.getValidatorsAt
[09-08|20:47:21.504] [1;33mWARN[0;0m <2tmrrBo1Lgt1mzzvPSFt73kkQKFas5d1AP88tv9cicwoFp8BSn Chain> p2p/validators.go:113 failed to get current validator set {"error": "getting validator set: rpc error: code = Unknown desc = failed to decode client response: /ext/P: Unsupported height parameter value provided for platform.getValidatorsAt"}
2026/09/08 20:47:22 epochdb-host: validator state via https://api.avax.network: failed to decode client response: /ext/P: Unsupported height parameter value provided for platform.getValidatorsAt
[09-08|20:47:22.503] [1;33mWARN[0;0m <2tmrrBo1Lgt1mzzvPSFt73kkQKFas5d1AP88tv9cicwoFp8BSn Chain> p2p/validators.go:113 failed to get current validator set {"error": "getting validator set: rpc error: code = Unknown desc = failed to decode client response: /ext/P: Unsupported height parameter value provided for platform.getValidatorsAt"}
2026/09/08 20:47:23 epochdb-host: validator state via https://api.avax.network: failed to decode client response: /ext/P: Unsupported height parameter value provided for platform.getValidatorsAt
[09-08|20:47:23.513] [1;33mWARN[0;0m <2tmrrBo1Lgt1mzzvPSFt73kkQKFas5d1AP88tv9cicwoFp8BSn Chain> p2p/validators.go:113 failed to get current validator set {"error": "getting validator set: rpc error: code = Unknown desc = failed to decode client response: /ext/P: Unsupported height parameter value provided for platform.getValidatorsAt"}
2026/09/08 20:47:24 epochdb-host: validator state via https://api.avax.network: failed to decode client response: /ext/P: Unsupported height parameter value provided for platform.getValidatorsAt
[09-08|20:47:24.503] [1;33mWARN[0;0m <2tmrrBo1Lgt1mzzvPSFt73kkQKFas5d1AP88tv9cicwoFp8BSn Chain> p2p/validators.go:113 failed to get current validator set {"error": "getting validator set: rpc error: code = Unknown desc = failed to decode client response: /ext/P: Unsupported height parameter value provided for platform.getValidatorsAt"}
2026/09/08 20:47:25 epochdb-host: validator state via https://api.avax.network: failed to decode client response: /ext/P: Unsupported height parameter value provided for platform.getValidatorsAt
[09-08|20:47:25.503] [1;33mWARN[0;0m <2tmrrBo1Lgt1mzzvPSFt73kkQKFas5d1AP88tv9cicwoFp8BSn Chain> p2p/validators.go:113 failed to get current validator set {"error": "getting validator set: rpc error: code = Unknown desc = failed to decode client response: /ext/P: Unsupported height parameter value provided for platform.getValidatorsAt"}
2026/09/08 20:47:26 epochdb-host: validator state via https://api.avax.network: failed to decode client response: /ext/P: Unsupported height parameter value provided for platform.getValidatorsAt
[09-08|20:47:26.627] [1;33mWARN[0;0m <2tmrrBo1Lgt1mzzvPSFt73kkQKFas5d1AP88tv9cicwoFp8BSn Chain> p2p/validators.go:113 failed to get current validator set {"error": "getting validator set: rpc error: code = Unknown desc = failed to decode client response: /ext/P: Unsupported height parameter value provided for platform.getValidatorsAt"}
2026/09/08 20:47:27 epochdb-host: validator state via https://api.avax.network: failed to decode client response: /ext/P: Unsupported height parameter value provided for platform.getValidatorsAt
[09-08|20:47:27.503] [1;33mWARN[0;0m <2tmrrBo1Lgt1mzzvPSFt73kkQKFas5d1AP88tv9cicwoFp8BSn Chain> p2p/validators.go:113 failed to get current validator set {"error": "getting validator set: rpc error: code = Unknown desc = failed to decode client response: /ext/P: Unsupported height parameter value provided for platform.getValidatorsAt"}
2026/09/08 20:47:28 epochdb-host: validator state via https://api.avax.network: failed to decode client response: /ext/P: Unsupported height parameter value provided for platform.getValidatorsAt
[09-08|20:47:28.504] [1;33mWARN[0;0m <2tmrrBo1Lgt1mzzvPSFt73kkQKFas5d1AP88tv9cicwoFp8BSn Chain> p2p/validators.go:113 failed to get current validator set {"error": "getting validator set: rpc error: code = Unknown desc = failed to decode client response: /ext/P: Unsupported height parameter value provided for platform.getValidatorsAt"}
2026/09/08 20:47:29 epochdb-host: validator state via https://api.avax.network: failed to decode client response: /ext/P: Unsupported height parameter value provided for platform.getValidatorsAt
[09-08|20:47:29.513] [1;33mWARN[0;0m <2tmrrBo1Lgt1mzzvPSFt73kkQKFas5d1AP88tv9cicwoFp8BSn Chain> p2p/validators.go:113 failed to get current validator set {"error": "getting validator set: rpc error: code = Unknown desc = failed to decode client response: /ext/P: Unsupported height parameter value provided for platform.getValidatorsAt"}
2026/09/08 20:47:30 epochdb-host: validator state via https://api.avax.network: failed to decode client response: /ext/P: Unsupported height parameter value provided for platform.getValidatorsAt
[09-08|20:47:30.503] [1;33mWARN[0;0m <2tmrrBo1Lgt1mzzvPSFt73kkQKFas5d1AP88tv9cicwoFp8BSn Chain> p2p/validators.go:113 failed to get current validator set {"error": "getting validator set: rpc error: code = Unknown desc = failed to decode client response: /ext/P: Unsupported height parameter value provided for platform.getValidatorsAt"}
2026/09/08 20:47:31 epochdb-host: validator state via https://api.avax.network: failed to decode client response: /ext/P: Unsupported height parameter value provided for platform.getValidatorsAt
[09-08|20:47:31.504] [1;33mWARN[0;0m <2tmrrBo1Lgt1mzzvPSFt73kkQKFas5d1AP88tv9cicwoFp8BSn Chain> p2p/validators.go:113 failed to get current validator set {"error": "getting validator set: rpc error: code = Unknown desc = failed to decode client response: /ext/P: Unsupported height parameter value provided for platform.getValidatorsAt"}
